00:00 +0: loading test\connection\connection_id_manager_test.dart
00:00 +0: test\connection\connection_id_manager_test.dart: ConnectionIdManager issueNewId returns valid CID and token
00:00 +1: test\connection\connection_id_rotation_test.dart: Connection ID rotation generateNewConnectionIdFrame creates a valid frame
00:00 +2: test\connection\connection_id_rotation_test.dart: Connection ID rotation generateNewConnectionIdFrame creates a valid frame
00:00 +3: test\connection\connection_id_rotation_test.dart: Connection ID rotation generateNewConnectionIdFrame creates a valid frame
00:00 +4: test\connection\connection_id_rotation_test.dart: Connection ID rotation generateNewConnectionIdFrame creates a valid frame
00:00 +5: test\connection\connection_id_rotation_test.dart: Connection ID rotation generateNewConnectionIdFrame creates a valid frame
00:00 +6: test\connection\connection_id_rotation_test.dart: Connection ID rotation generateNewConnectionIdFrame creates a valid frame
00:00 +7: test\connection\connection_id_rotation_test.dart: Connection ID rotation generateNewConnectionIdFrame creates a valid frame
00:00 +8: test\connection\connection_registry_test.dart: ConnectionRegistry register/lookup round-trip
00:00 +9: test\connection\connection_registry_test.dart: ConnectionRegistry register/lookup round-trip
00:00 +10: test\connection\connection_id_rotation_test.dart: Connection ID rotation NewConnectionIdFrame reception is wired in _dispatchFrames
00:00 +11: test\connection\connection_id_rotation_test.dart: Connection ID rotation NewConnectionIdFrame reception is wired in _dispatchFrames
00:00 +12: test\connection\connection_id_rotation_test.dart: Connection ID rotation NewConnectionIdFrame reception is wired in _dispatchFrames
00:00 +13: test\connection\connection_id_rotation_test.dart: Connection ID rotation NewConnectionIdFrame reception is wired in _dispatchFrames
00:00 +14: test\connection\connection_id_rotation_test.dart: Connection ID rotation NewConnectionIdFrame reception is wired in _dispatchFrames
00:00 +15: test\connection\connection_state_machine_test.dart: ConnectionStateMachine initial state is idle
00:00 +16: test\connection\connection_state_machine_test.dart: ConnectionStateMachine idle ΓåÆ handshaking ΓåÆ established
[ConnectionStateMachine] ConnectionState.idle ΓåÆ ConnectionState.handshaking: connect
[ConnectionStateMachine] ConnectionState.handshaking ΓåÆ ConnectionState.established: handshake complete
00:00 +17: test\connection\connection_state_machine_test.dart: ConnectionStateMachine established ΓåÆ closing ΓåÆ closed
[ConnectionStateMachine] ConnectionState.established ΓåÆ ConnectionState.closing: close initiated
[ConnectionStateMachine] ConnectionState.closing ΓåÆ ConnectionState.closed: close timeout
00:00 +18: test\connection\connection_state_machine_test.dart: ConnectionStateMachine established ΓåÆ draining ΓåÆ closed
[ConnectionStateMachine] ConnectionState.established ΓåÆ ConnectionState.draining: CONNECTION_CLOSE received
[ConnectionStateMachine] ConnectionState.draining ΓåÆ ConnectionState.closed: drain timeout
00:00 +19: test\connection\connection_state_machine_test.dart: ConnectionStateMachine invalid transitions throw StateError
00:00 +20: test\connection\connection_state_machine_test.dart: ConnectionStateMachine state change stream emits correct sequence
00:00 +21: test\connection\connection_state_machine_test.dart: ConnectionStateMachine canSendData per state
00:00 +22: test\connection\connection_state_machine_test.dart: ConnectionStateMachine canReceiveData per state
00:00 +23: test\connection\coverage_gap_test.dart: QuicConnection coverage gaps isEstablished returns true when in established state
00:00 +24: test\connection\coverage_gap_test.dart: QuicConnection coverage gaps isClosed returns true when in closed state
00:00 +25: test\connection\coverage_gap_test.dart: QuicConnection coverage gaps abort transitions to closed
[ConnectionStateMachine] ConnectionState.idle ΓåÆ ConnectionState.closed: Abort
00:00 +26: test\connection\coverage_gap_test.dart: QuicConnection coverage gaps openBidirectionalStream returns sequential IDs 0, 4, 8...
00:00 +27: test\connection\flow_control_frames_test.dart: Flow control frame dispatch MAX_DATA updates connection flow controller limit
00:00 +28: test\connection\flow_control_frames_test.dart: Flow control frame dispatch MAX_DATA updates connection flow controller limit
00:00 +29: test\connection\flow_control_frames_test.dart: Flow control frame dispatch MAX_DATA updates connection flow controller limit
00:00 +30: test\connection\flow_control_frames_test.dart: Flow control frame dispatch MAX_DATA updates connection flow controller limit
00:00 +31: test\connection\flow_control_frames_test.dart: Flow control frame dispatch MAX_DATA updates connection flow controller limit
00:00 +32: test\connection\flow_control_frames_test.dart: Flow control frame dispatch MAX_DATA updates connection flow controller limit
00:00 +33: test\connection\flow_control_frames_test.dart: Flow control frame dispatch MAX_DATA updates connection flow controller limit
00:00 +34: test\connection\flow_control_frames_test.dart: Flow control frame dispatch MAX_DATA updates connection flow controller limit
00:00 +35: test\connection\flow_control_frames_test.dart: Flow control frame dispatch MAX_DATA updates connection flow controller limit
00:00 +36: test\connection\flow_control_frames_test.dart: Flow control frame dispatch MAX_DATA updates connection flow controller limit
00:00 +37: test\connection\flow_control_frames_test.dart: Flow control frame dispatch MAX_DATA updates connection flow controller limit
00:00 +38: test\connection\flow_control_frames_test.dart: Flow control frame dispatch MAX_DATA updates connection flow controller limit
00:00 +39: test\connection\full_migration_test.dart: Full migration wiring Endpoint.connect stores remote address
00:00 +40: test\connection\full_migration_test.dart: Full migration wiring Endpoint.connect stores remote address
00:00 +41: test\connection\full_migration_test.dart: Full migration wiring Endpoint.connect stores remote address
00:00 +42: test\connection\full_migration_test.dart: Full migration wiring Endpoint.connect stores remote address
00:00 +43: test\connection\full_migration_test.dart: Full migration wiring Endpoint.connect stores remote address
00:00 +44: test\connection\full_migration_test.dart: Full migration wiring Endpoint.connect stores remote address
00:00 +45: test\connection\full_migration_test.dart: Full migration wiring Endpoint.connect stores remote address
00:00 +46: test\connection\full_migration_test.dart: Full migration wiring Endpoint.connect stores remote address
[ConnectionStateMachine] ConnectionState.idle ΓåÆ ConnectionState.handshaking: Connect to InternetAddress('127.0.0.1', IPv4):12345
[ConnectionStateMachine] ConnectionState.handshaking ΓåÆ ConnectionState.closed: Abort
00:00 +47: test\connection\migration_helper_test.dart: MigrationHelper generateChallenge produces 8-byte data
00:00 +47: test\connection\full_migration_test.dart: Full migration wiring getRemoteAddress returns the correct address
[ConnectionStateMachine] ConnectionState.idle ΓåÆ ConnectionState.handshaking: Connect to InternetAddress('127.0.0.1', IPv4):54321
[ConnectionStateMachine] ConnectionState.handshaking ΓåÆ ConnectionState.closed: Abort
00:00 +48: test\connection\migration_helper_test.dart: MigrationHelper generateChallenge produces 8-byte data
00:00 +49: test\connection\full_migration_test.dart: Full migration wiring Processing PATH_CHALLENGE + PATH_RESPONSE validates path and increments validatedPathCount
00:00 +50: test\connection\full_migration_test.dart: Full migration wiring Processing PATH_CHALLENGE + PATH_RESPONSE validates path and increments validatedPathCount
00:00 +51: test\connection\full_migration_test.dart: Full migration wiring Processing PATH_CHALLENGE + PATH_RESPONSE validates path and increments validatedPathCount
00:00 +52: test\connection\full_migration_test.dart: Full migration wiring Processing PATH_CHALLENGE + PATH_RESPONSE validates path and increments validatedPathCount
00:00 +53: test\connection\full_migration_test.dart: Full migration wiring Processing PATH_CHALLENGE + PATH_RESPONSE validates path and increments validatedPathCount
00:00 +54: test\connection\full_migration_test.dart: Full migration wiring Processing PATH_CHALLENGE + PATH_RESPONSE validates path and increments validatedPathCount
00:00 +55: test\connection\full_migration_test.dart: Full migration wiring Processing PATH_CHALLENGE + PATH_RESPONSE validates path and increments validatedPathCount
00:00 +56: test\connection\full_migration_test.dart: Full migration wiring Path validation clears anti-amplification limit
00:00 +57: test\connection\migration_integration_test.dart: MigrationHelper integration processIncomingDatagram with PATH_CHALLENGE generates a pending challenge
00:00 +58: test\connection\packet_receiver_test.dart: PacketReceiver.spaceFromHeader Initial ΓåÆ initial space
00:00 +59: test\connection\packet_receiver_test.dart: PacketReceiver.spaceFromHeader Initial ΓåÆ initial space
00:00 +60: test\connection\packet_receiver_test.dart: PacketReceiver.spaceFromHeader Initial ΓåÆ initial space
00:00 +60: test\connection\migration_integration_test.dart: MigrationHelper integration onAddressValidated is called when path is validated
[ConnectionStateMachine] ConnectionState.handshaking ΓåÆ ConnectionState.established: Address validated
00:00 +61: test\connection\packet_receiver_test.dart: PacketReceiver.spaceFromHeader Initial ΓåÆ initial space
00:00 +62: test\connection\migration_integration_test.dart: MigrationHelper integration Expired challenges are cleaned up
00:00 +63: test\connection\packet_receiver_test.dart: PacketReceiver.spaceFromHeader Handshake ΓåÆ handshake space
00:00 +64: test\connection\packet_receiver_test.dart: PacketReceiver.spaceFromHeader ShortHeader ΓåÆ application space
00:00 +65: test\connection\packet_receiver_test.dart: PacketReceiver.spaceFromHeader Retry ΓåÆ null
00:00 +66: test\connection\packet_receiver_test.dart: PacketReceiver.processPacket parses frames correctly
00:00 +67: test\connection\packet_sender_test.dart: PacketSender.buildPacket Initial space produces long header
00:00 +68: test\connection\packet_sender_test.dart: PacketSender.buildPacket Initial space produces long header
00:00 +69: test\connection\packet_sender_test.dart: PacketSender.buildPacket Handshake space produces long header
00:00 +70: test\connection\packet_sender_test.dart: PacketSender.buildPacket Application space produces short header
00:00 +71: test\connection\packet_sender_test.dart: PacketSender.buildPacket includes frames correctly
00:00 +72: test\connection\packet_sender_test.dart: PacketSender.buildPacket small packet does not exceed maxUdpPayloadSize
00:00 +73: test\connection\path_probing_test.dart: QuicConnection path probing probeNewPath generates a PATH_CHALLENGE packet
00:00 +74: test\connection\path_probing_test.dart: QuicConnection path probing isProbingPath is true after probeNewPath
00:00 +75: test\connection\path_probing_test.dart: QuicConnection path probing isProbingPath is false after path validation
00:00 +76: test\connection\path_probing_test.dart: QuicConnection path probing Packet contains a PathChallengeFrame
00:00 +77: test\connection\quic_connection_test.dart: QuicConnection construction with all subsystems
00:00 +78: test\connection\quic_connection_test.dart: QuicConnection initial state is idle
00:00 +79: test\connection\zero_rtt_transmission_test.dart: QuicConnection 0-RTT canSendZeroRtt is false without keys
00:00 +80: test\connection\zero_rtt_transmission_test.dart: QuicConnection 0-RTT canSendZeroRtt is false without keys
00:00 +81: test\connection\zero_rtt_transmission_test.dart: QuicConnection 0-RTT canSendZeroRtt is false without keys
00:00 +81: test\connection\quic_connection_test.dart: QuicConnection close transitions to closing
[ConnectionStateMachine] ConnectionState.established ΓåÆ ConnectionState.closing: User close
00:00 +82: test\connection\zero_rtt_transmission_test.dart: QuicConnection 0-RTT canSendZeroRtt is false without keys
00:00 +83: test\connection\zero_rtt_transmission_test.dart: QuicConnection 0-RTT canSendZeroRtt is false without keys
00:00 +84: test\connection\zero_rtt_transmission_test.dart: QuicConnection 0-RTT canSendZeroRtt is false without keys
00:00 +85: test\connection\zero_rtt_transmission_test.dart: QuicConnection 0-RTT canSendZeroRtt is false without keys
00:00 +86: test\connection\zero_rtt_transmission_test.dart: QuicConnection 0-RTT canSendZeroRtt is false without keys
00:00 +87: test\connection\zero_rtt_transmission_test.dart: QuicConnection 0-RTT canSendZeroRtt is true after deriveZeroRtt
00:00 +88: test\connection\zero_rtt_transmission_test.dart: QuicConnection 0-RTT buildZeroRttPacket throws when no keys are available
00:00 +89: test\connection\zero_rtt_transmission_test.dart: QuicConnection 0-RTT buildZeroRttPacket returns bytes when keys are available
00:00 +90: test\coverage\comprehensive_final_test.dart: Http3FrameType fromValue returns null for unknown
00:00 +91: test\coverage\crypto_edge_cases_test.dart: InitialSecrets edge cases empty DCID derives secrets
00:00 +92: test\coverage\crypto_edge_cases_test.dart: InitialSecrets edge cases empty DCID derives secrets
00:00 +93: test\coverage\crypto_edge_cases_test.dart: InitialSecrets edge cases empty DCID derives secrets
00:00 +94: test\coverage\crypto_edge_cases_test.dart: InitialSecrets edge cases empty DCID derives secrets
00:00 +95: test\coverage\crypto_edge_cases_test.dart: InitialSecrets edge cases empty DCID derives secrets
00:00 +96: test\coverage\crypto_edge_cases_test.dart: InitialSecrets edge cases empty DCID derives secrets
00:00 +97: test\coverage\crypto_edge_cases_test.dart: InitialSecrets edge cases empty DCID derives secrets
00:00 +98: test\coverage\crypto_edge_cases_test.dart: InitialSecrets edge cases empty DCID derives secrets
00:00 +99: test\coverage\crypto_edge_cases_test.dart: InitialSecrets edge cases empty DCID derives secrets
00:00 +100: test\coverage\crypto_edge_cases_test.dart: InitialSecrets edge cases empty DCID derives secrets
00:00 +101: test\coverage\crypto_edge_cases_test.dart: InitialSecrets edge cases empty DCID derives secrets
00:00 +102: test\coverage\crypto_edge_cases_test.dart: InitialSecrets edge cases empty DCID derives secrets
00:00 +103: test\coverage\crypto_edge_cases_test.dart: InitialSecrets edge cases empty DCID derives secrets
00:00 +104: test\coverage\comprehensive_final_test.dart: Http3Frame equality hashCode consistency
00:00 +105: test\coverage\crypto_edge_cases_test.dart: InitialSecrets edge cases max-length DCID (255 bytes) derives secrets
00:00 +106: test\coverage\crypto_edge_cases_test.dart: InitialSecrets edge cases max-length DCID (255 bytes) derives secrets
00:00 +107: test\coverage\comprehensive_final_test.dart: QpackInteger edge cases decode with max prefix bits (8)
00:00 +108: test\coverage\crypto_edge_cases_test.dart: InitialSecrets edge cases deterministic for same max-length DCID
00:00 +109: test\coverage\crypto_edge_cases_test.dart: InitialSecrets edge cases deterministic for same max-length DCID
00:00 +110: test\coverage\comprehensive_final_test.dart: QpackString edge cases encode/decode empty string
00:00 +111: test\coverage\comprehensive_final_test.dart: QpackString edge cases encode/decode empty string
00:00 +112: test\coverage\crypto_edge_cases_test.dart: NonceGenerator edge cases all-zero IV with maximum 32-bit packet number
00:00 +113: test\coverage\comprehensive_final_test.dart: QpackString edge cases encode/decode long string
00:00 +114: test\coverage\crypto_edge_cases_test.dart: PacketProtector edge cases empty payload encrypt/decrypt round-trip
00:00 +115: test\coverage\crypto_edge_cases_test.dart: PacketProtector edge cases empty payload encrypt/decrypt round-trip
00:00 +116: test\coverage\crypto_edge_cases_test.dart: PacketProtector edge cases empty payload encrypt/decrypt round-trip
00:00 +117: test\coverage\crypto_edge_cases_test.dart: PacketProtector edge cases empty payload encrypt/decrypt round-trip
00:00 +118: test\coverage\crypto_edge_cases_test.dart: PacketProtector edge cases empty payload encrypt/decrypt round-trip
00:00 +119: test\coverage\crypto_edge_cases_test.dart: PacketProtector edge cases empty payload encrypt/decrypt round-trip
00:00 +120: test\coverage\crypto_edge_cases_test.dart: PacketProtector edge cases empty payload encrypt/decrypt round-trip
00:00 +121: test\coverage\comprehensive_final_test.dart: Capsule.parse edge cases parse truncated payload throws
00:00 +122: test\coverage\comprehensive_final_test.dart: Capsule.parse edge cases parse unknown capsule type throws
00:00 +123: test\coverage\crypto_edge_cases_test.dart: PacketProtector edge cases empty payload with different packet numbers
00:00 +124: test\coverage\comprehensive_final_test.dart: Capsule equality same type and payload
00:00 +125: test\coverage\crypto_edge_cases_test.dart: HeaderProtection edge cases minimum-length payload (16 bytes) with 4-byte PN
00:00 +126: test\coverage\crypto_edge_cases_test.dart: HeaderProtection edge cases minimum-length payload (16 bytes) with 4-byte PN
00:00 +127: test\coverage\crypto_edge_cases_test.dart: HeaderProtection edge cases minimum-length payload (16 bytes) with 4-byte PN
00:00 +128: test\coverage\crypto_edge_cases_test.dart: HeaderProtection edge cases minimum-length payload (16 bytes) with 4-byte PN
00:00 +129: test\coverage\crypto_edge_cases_test.dart: HeaderProtection edge cases minimum-length payload (16 bytes) with 4-byte PN
00:00 +130: test\coverage\comprehensive_final_test.dart: StreamId edge cases isBidirectional with uni ID
00:00 +131: test\coverage\crypto_edge_cases_test.dart: HeaderProtection edge cases minimum-length payload with AES short header (pnLen=1, payload=19)
00:00 +132: test\coverage\crypto_edge_cases_test.dart: HeaderProtection edge cases minimum-length payload with AES short header (pnLen=1, payload=19)
00:00 +133: test\coverage\crypto_edge_cases_test.dart: HeaderProtection edge cases minimum-length payload with AES short header (pnLen=1, payload=19)
00:00 +134: test\coverage\crypto_edge_cases_test.dart: HeaderProtection edge cases minimum-length payload with AES short header (pnLen=1, payload=19)
00:00 +135: test\coverage\comprehensive_final_test.dart: ReceiveStateMachine edge cases onDataReceived with fin transitions to sizeKnown
00:00 +136: test\coverage\crypto_edge_cases_test.dart: HeaderProtection edge cases minimum-length payload with ChaCha20 (pnLen=4, payload=16)
00:00 +137: test\coverage\crypto_edge_cases_test.dart: HeaderProtection edge cases minimum-length payload with ChaCha20 (pnLen=4, payload=16)
00:00 +138: test\coverage\comprehensive_final_test.dart: ConnectionStateMachine edge cases transition to same state is no-op
00:00 +139: test\coverage\comprehensive_final_test.dart: ConnectionStateMachine edge cases canSendData in idle state
00:00 +140: test\coverage\comprehensive_final_test.dart: ConnectionStateMachine edge cases canReceiveData in closed state
00:00 +141: test\coverage\comprehensive_final_test.dart: ConnectionStateMachine edge cases isDraining getter
00:00 +142: test\coverage\comprehensive_final_test.dart: PacketSender edge cases private constructor is not accessible
00:00 +143: test\coverage\comprehensive_final_test.dart: HandshakeStateMachine edge cases initial state is idle
00:00 +144: test\coverage\comprehensive_final_test.dart: HandshakeStateMachine edge cases onMessage with ServerHello in idle state throws
00:00 +145: test\coverage\comprehensive_final_test.dart: HandshakeStateMachine edge cases onMessage with Certificate in idle state throws
00:00 +146: test\coverage\comprehensive_final_test.dart: HandshakeStateMachine edge cases reset returns to idle
00:00 +147: test\coverage\comprehensive_final_test.dart: EncryptedExtensions edge cases parse empty extensions
00:00 +148: test\coverage\comprehensive_final_test.dart: EncryptedExtensions edge cases serialize empty extensions
00:00 +149: test\coverage\comprehensive_final_test.dart: EncryptedExtensions edge cases equality with different extensions
00:00 +150: test\coverage\comprehensive_final_test.dart: CertificateVerify edge cases parse with empty bytes
00:00 +151: test\coverage\comprehensive_final_test.dart: CertificateVerify edge cases serialize round-trip
00:00 +152: test\coverage\comprehensive_final_test.dart: CertificateVerify edge cases signatureScheme getter
00:00 +153: test\coverage\comprehensive_final_test.dart: CryptoFrameAssembler edge cases deliver with exact gap fill
00:00 +154: test\coverage\comprehensive_final_test.dart: CryptoFrameAssembler edge cases deliver with overlap
00:00 +155: test\coverage\comprehensive_final_test.dart: CryptoFrameAssembler edge cases deliver when not complete leaves gap
00:00 +156: test\coverage\comprehensive_final_test.dart: CryptoFrameAssembler edge cases deliver old frame returns empty
00:00 +157: test\coverage\comprehensive_final_test.dart: CryptoFrameAssembler edge cases reset clears buffer
00:00 +158: test\coverage\comprehensive_final_test.dart: PacketProtector edge cases decrypt with tampered ciphertext
00:00 +159: test\coverage\comprehensive_final_test.dart: RetryPacketBuilder edge cases build with empty token
00:00 +160: test\coverage\comprehensive_final_test.dart: RetryPacketBuilder edge cases build with minimum DCID
00:00 +161: test\coverage\final_coverage_test.dart: FrameCodec.serialize() coverage gaps PaddingFrame
00:00 +162: test\coverage\final_coverage_test.dart: FrameCodec.serialize() coverage gaps PingFrame
00:00 +163: test\coverage\final_coverage_test.dart: FrameCodec.serialize() coverage gaps AckFrame
00:00 +164: test\coverage\final_coverage_test.dart: FrameCodec.serialize() coverage gaps AckEcnFrame
00:00 +165: test\coverage\final_gap_test.dart: PacketProtector encrypt with AES-256-GCM
00:00 +166: test\coverage\final_gap_test.dart: PacketProtector encrypt with AES-256-GCM
00:00 +167: test\coverage\final_gap_test.dart: PacketProtector encrypt with AES-256-GCM
00:00 +168: test\coverage\final_gap_test.dart: PacketProtector encrypt with AES-256-GCM
00:00 +169: test\coverage\final_gap_test.dart: PacketProtector encrypt with AES-256-GCM
00:00 +170: test\coverage\final_gap_test.dart: PacketProtector encrypt with AES-256-GCM
00:00 +171: test\coverage\final_gap_test.dart: PacketProtector encrypt with AES-256-GCM
00:00 +172: test\coverage\final_gap_test.dart: PacketProtector encrypt with AES-256-GCM
00:00 +173: test\coverage\final_gap_test.dart: PacketProtector encrypt with AES-256-GCM
00:00 +174: test\coverage\final_gap_test.dart: PacketProtector encrypt with AES-256-GCM
00:00 +175: test\coverage\final_gap_test.dart: PacketProtector encrypt with AES-256-GCM
00:00 +176: test\coverage\final_gap_test.dart: PacketProtector encrypt with AES-256-GCM
00:00 +177: test\coverage\final_gap_test.dart: PacketProtector encrypt with AES-256-GCM
00:00 +178: test\coverage\final_gap_test.dart: PacketProtector encrypt with AES-256-GCM
00:00 +179: test\coverage\final_gap_test.dart: PacketProtector encrypt with AES-256-GCM
00:00 +180: test\coverage\final_gap_test.dart: PacketProtector encrypt with AES-256-GCM
00:00 +181: test\coverage\final_gap_test.dart: PacketProtector encrypt with AES-256-GCM
00:00 +182: test\coverage\final_gap_test.dart: PacketProtector encrypt with AES-256-GCM
00:00 +183: test\coverage\final_gap_test.dart: PacketProtector encrypt with AES-256-GCM
00:00 +184: test\coverage\final_gap_test.dart: PacketProtector encrypt with AES-256-GCM
00:00 +185: test\coverage\final_gap_test.dart: PacketProtector encrypt with AES-256-GCM
00:00 +186: test\coverage\final_gap_test.dart: PacketProtector encrypt with AES-256-GCM
00:00 +187: test\coverage\final_coverage_test.dart: PacketNumberSpaceManager coverage gaps allocate and peek in zeroRtt space
00:00 +188: test\coverage\final_gap_test.dart: PacketProtector decrypt with AES-256-GCM
00:00 +189: test\coverage\final_gap_test.dart: PacketProtector decrypt with AES-256-GCM
00:00 +190: test\coverage\final_coverage_test.dart: PacketNumberSpaceManager coverage gaps reset clears zeroRtt space
00:00 +191: test\coverage\final_gap_test.dart: PacketProtector decrypt with wrong key fails authentication
00:00 +192: test\coverage\final_gap_test.dart: PacketProtector decrypt with wrong key fails authentication
00:00 +193: test\coverage\final_gap_test.dart: PacketProtector decrypt with wrong key fails authentication
00:00 +194: test\coverage\final_gap_test.dart: PacketProtector decrypt with wrong key fails authentication
00:00 +195: test\coverage\final_coverage_test.dart: QuicSendStream coverage gaps close from ready state transitions to sent
00:00 +196: test\coverage\final_coverage_test.dart: QuicSendStream coverage gaps close from ready state transitions to sent
00:00 +197: test\coverage\final_gap_test.dart: PacketProtector encrypt with empty associated data
00:00 +198: test\coverage\final_coverage_test.dart: QuicSendStream coverage gaps multiple writes emit multiple data events
00:00 +199: test\coverage\final_gap_test.dart: PacketProtector encrypt and decrypt with ChaCha20-Poly1305
00:00 +200: test\coverage\final_gap_test.dart: PacketProtector encrypt and decrypt with ChaCha20-Poly1305
00:00 +201: test\coverage\final_gap_test.dart: PacketProtector encrypt and decrypt with ChaCha20-Poly1305
00:00 +202: test\coverage\final_gap_test.dart: PacketProtector encrypt and decrypt with ChaCha20-Poly1305
00:00 +203: test\coverage\final_gap_test.dart: PacketProtector encrypt and decrypt with ChaCha20-Poly1305
00:00 +204: test\coverage\final_gap_test.dart: PacketProtector encrypt and decrypt with ChaCha20-Poly1305
00:00 +205: test\coverage\final_gap_test.dart: PacketProtector encrypt and decrypt with ChaCha20-Poly1305
00:00 +206: test\coverage\final_gap_test.dart: PacketProtector encrypt and decrypt with ChaCha20-Poly1305
00:00 +207: test\coverage\final_coverage_test.dart: LossDetector coverage gaps onPacketSent with non-ack-eliciting is not tracked
00:00 +208: test\coverage\final_gap_test.dart: ConnectionStateMachine transitionTo handshaking from idle
00:00 +209: test\coverage\final_gap_test.dart: ConnectionStateMachine transitionTo handshaking from idle
00:00 +210: test\coverage\frame_edge_cases_test.dart: PaddingFrame edge cases various lengths serialize correctly
00:00 +211: test\coverage\frame_edge_cases_test.dart: PaddingFrame edge cases various lengths serialize correctly
00:00 +212: test\coverage\frame_edge_cases_test.dart: PaddingFrame edge cases various lengths serialize correctly
00:00 +213: test\coverage\frame_edge_cases_test.dart: PaddingFrame edge cases various lengths serialize correctly
00:00 +214: test\coverage\frame_edge_cases_test.dart: PaddingFrame edge cases various lengths serialize correctly
00:00 +215: test\coverage\frame_edge_cases_test.dart: PaddingFrame edge cases various lengths serialize correctly
00:00 +216: test\coverage\frame_edge_cases_test.dart: PaddingFrame edge cases various lengths serialize correctly
00:00 +217: test\coverage\frame_edge_cases_test.dart: PaddingFrame edge cases various lengths serialize correctly
00:00 +218: test\coverage\frame_edge_cases_test.dart: PaddingFrame edge cases various lengths serialize correctly
00:00 +219: test\coverage\frame_edge_cases_test.dart: PaddingFrame edge cases various lengths serialize correctly
00:00 +220: test\coverage\frame_edge_cases_test.dart: PaddingFrame edge cases various lengths serialize correctly
00:00 +221: test\coverage\frame_edge_cases_test.dart: PaddingFrame edge cases various lengths serialize correctly
00:00 +221: test\coverage\final_gap_test.dart: ConnectionStateMachine transitionTo same state with reason is no-op
[ConnectionStateMachine] staying in ConnectionState.idle: already idle
00:00 +222: test\coverage\frame_edge_cases_test.dart: PaddingFrame edge cases various lengths serialize correctly
00:00 +223: test\coverage\frame_edge_cases_test.dart: PaddingFrame edge cases various lengths serialize correctly
00:00 +224: test\coverage\frame_edge_cases_test.dart: PaddingFrame edge cases various lengths serialize correctly
00:00 +225: test\coverage\frame_edge_cases_test.dart: PaddingFrame edge cases various lengths serialize correctly
00:00 +226: test\coverage\frame_edge_cases_test.dart: PaddingFrame edge cases various lengths serialize correctly
00:00 +227: test\coverage\frame_edge_cases_test.dart: PaddingFrame edge cases various lengths serialize correctly
00:00 +228: test\coverage\frame_edge_cases_test.dart: PaddingFrame edge cases various lengths serialize correctly
00:00 +229: test\coverage\frame_edge_cases_test.dart: PaddingFrame edge cases various lengths serialize correctly
00:00 +230: test\coverage\frame_edge_cases_test.dart: PaddingFrame edge cases various lengths serialize correctly
00:00 +231: test\coverage\frame_edge_cases_test.dart: PaddingFrame edge cases various lengths serialize correctly
00:00 +232: test\coverage\final_coverage_test.dart: ConnectionIdManager coverage gaps retireId triggers maxRetiredIds eviction
00:00 +233: test\coverage\final_coverage_test.dart: ConnectionIdManager coverage gaps retireId triggers maxRetiredIds eviction
00:00 +234: test\coverage\final_coverage_test.dart: ConnectionIdManager coverage gaps retireId triggers maxRetiredIds eviction
00:00 +235: test\coverage\final_coverage_test.dart: ConnectionIdManager coverage gaps retireId triggers maxRetiredIds eviction
00:00 +236: test\coverage\final_coverage_test.dart: ConnectionIdManager coverage gaps retireId triggers maxRetiredIds eviction
00:00 +237: test\coverage\frame_edge_cases_test.dart: StreamFrame edge cases maximum-size data round-trip
00:00 +238: test\coverage\frame_edge_cases_test.dart: StreamFrame edge cases maximum-size data round-trip
00:00 +239: test\coverage\frame_edge_cases_test.dart: StreamFrame edge cases maximum-size data round-trip
00:00 +240: test\coverage\frame_edge_cases_test.dart: StreamFrame edge cases maximum-size data round-trip
00:00 +241: test\coverage\frame_edge_cases_test.dart: StreamFrame edge cases maximum-size data round-trip
00:00 +242: test\coverage\frame_edge_cases_test.dart: StreamFrame edge cases maximum-size data round-trip
00:00 +243: test\coverage\frame_edge_cases_test.dart: StreamFrame edge cases maximum-size data round-trip
00:00 +244: test\coverage\frame_edge_cases_test.dart: StreamFrame edge cases maximum-size data round-trip
00:00 +245: test\coverage\frame_edge_cases_test.dart: StreamFrame edge cases maximum-size data round-trip
00:00 +246: test\coverage\frame_edge_cases_test.dart: StreamFrame edge cases maximum-size data round-trip
00:00 +247: test\coverage\frame_edge_cases_test.dart: StreamFrame edge cases maximum-size data round-trip
00:00 +248: test\coverage\frame_edge_cases_test.dart: StreamFrame edge cases maximum-size data round-trip
00:00 +249: test\coverage\frame_edge_cases_test.dart: StreamFrame edge cases maximum-size data round-trip
00:00 +250: test\coverage\frame_edge_cases_test.dart: StreamFrame edge cases maximum-size data round-trip
00:00 +251: test\coverage\frame_edge_cases_test.dart: StreamFrame edge cases maximum-size data without explicit length
00:00 +252: test\coverage\frame_edge_cases_test.dart: ConnectionCloseFrame edge cases long reason phrase round-trip
00:00 +253: test\coverage\last_gaps_test.dart: DCUtR coverage gaps serialize throws when observedAddr exceeds uint16 max
00:00 +254: test\coverage\last_gaps_test.dart: DCUtR coverage gaps serialize throws when observedAddr exceeds uint16 max
00:00 +255: test\coverage\last_gaps_test.dart: DCUtR coverage gaps serialize throws when observedAddr exceeds uint16 max
00:00 +256: test\coverage\last_gaps_test.dart: DCUtR coverage gaps serialize throws when observedAddr exceeds uint16 max
00:00 +257: test\coverage\last_gaps_test.dart: DCUtR coverage gaps serialize throws when observedAddr exceeds uint16 max
00:00 +258: test\coverage\last_gaps_test.dart: DCUtR coverage gaps serialize throws when observedAddr exceeds uint16 max
00:00 +259: test\coverage\last_gaps_test.dart: DCUtR coverage gaps parse throws when bytes are too short
00:00 +260: test\coverage\last_gaps_test.dart: DCUtR coverage gaps parse throws when message is truncated
00:00 +261: test\coverage\last_gaps_test.dart: DCUtR coverage gaps hashCode is stable and returns an int
00:00 +262: test\coverage\last_gaps_test.dart: FlowController coverage gaps onLimitSent updates advertised limit used by reset
00:00 +263: test\coverage\last_gaps_test.dart: PacketSender coverage gaps buildPacket handshake space with null scid
00:00 +264: test\coverage\last_gaps_test.dart: PacketSender coverage gaps trackSentPacket records packet info
00:00 +265: test\coverage\last_gaps_test.dart: PacketSender coverage gaps shouldSendPacket returns false for empty frames
00:00 +266: test\coverage\last_gaps_test.dart: PacketSender coverage gaps shouldSendPacket returns true for non-empty frames
00:00 +267: test\coverage\last_gaps_test.dart: HeaderProtection coverage gaps remove long header throws for invalid packet number length
00:00 +268: test\coverage\last_gaps_test.dart: HeaderProtection coverage gaps remove short header throws when payload is too short for all pnLen
00:00 +269: test\coverage\last_gaps_test.dart: HeaderProtection coverage gaps apply throws when payload is too short for sample
00:00 +270: test\coverage\last_gaps_test.dart: HeaderProtection coverage gaps _computeLongHeaderPnOffset throws for header too short for DCID length
00:00 +271: test\coverage\last_gaps_test.dart: HeaderProtection coverage gaps _computeLongHeaderPnOffset throws for header too short for SCID length
00:00 +272: test\coverage\last_gaps_test.dart: HeaderProtection coverage gaps _computeLongHeaderPnOffset throws for header too short for token length
00:00 +273: test\coverage\last_gaps_test.dart: HeaderProtection coverage gaps _computeLongHeaderPnOffset throws for header too short for length field
00:00 +274: test\coverage\last_gaps_test.dart: HeaderProtection coverage gaps _computeLongHeaderPnOffset throws for header too short for length field bytes
00:00 +275: test\coverage\last_gaps_test.dart: HeaderProtection coverage gaps _readVarInt multi-byte is exercised via long header remove
00:00 +276: test\coverage\last_gaps_test.dart: PacketProtector coverage gaps constructor throws when IV length does not match AEAD nonce length
00:00 +277: test\coverage\last_gaps_test.dart: QpackStaticTable coverage gaps entry constructor and toString with value
00:00 +278: test\coverage\last_gaps_test.dart: QpackStaticTable coverage gaps entry constructor and toString without value
00:00 +279: test\coverage\missing_files_test.dart: TlsHandshakeType enum coverage all values are present in values list
00:00 +280: test\coverage\packet_header_edge_cases_test.dart: VersionNegotiationPacket edge cases empty supported versions list round-trip
00:00 +281: test\coverage\packet_header_edge_cases_test.dart: VersionNegotiationPacket edge cases empty supported versions list round-trip
00:00 +282: test\coverage\packet_header_edge_cases_test.dart: VersionNegotiationPacket edge cases empty supported versions list round-trip
00:00 +283: test\coverage\packet_header_edge_cases_test.dart: VersionNegotiationPacket edge cases empty supported versions list round-trip
00:00 +284: test\coverage\packet_header_edge_cases_test.dart: VersionNegotiationPacket edge cases empty supported versions list round-trip
00:00 +285: test\coverage\packet_header_edge_cases_test.dart: VersionNegotiationPacket edge cases empty supported versions list round-trip
00:00 +286: test\coverage\packet_header_edge_cases_test.dart: VersionNegotiationPacket edge cases empty supported versions list round-trip
00:00 +287: test\coverage\packet_header_edge_cases_test.dart: VersionNegotiationPacket edge cases empty supported versions list round-trip
00:00 +288: test\coverage\packet_header_edge_cases_test.dart: VersionNegotiationPacket edge cases empty supported versions list round-trip
00:00 +289: test\coverage\packet_header_edge_cases_test.dart: VersionNegotiationPacket edge cases empty supported versions list round-trip
00:00 +290: test\coverage\packet_header_edge_cases_test.dart: VersionNegotiationPacket edge cases empty supported versions list round-trip
00:00 +291: test\coverage\packet_header_edge_cases_test.dart: VersionNegotiationPacket edge cases empty supported versions list round-trip
00:00 +292: test\coverage\packet_header_edge_cases_test.dart: VersionNegotiationPacket edge cases empty supported versions list round-trip
00:00 +293: test\coverage\missing_files_test.dart: TlsConstants coverage size constants
00:00 +294: test\coverage\packet_header_edge_cases_test.dart: VersionNegotiationPacket edge cases byteLength matches serialized length with empty versions
00:00 +295: test\coverage\missing_files_test.dart: TlsConstants coverage TlsConstants class is accessible
00:00 +296: test\coverage\packet_header_edge_cases_test.dart: LongHeader edge cases maximum-length connection IDs (20 bytes) round-trip
00:00 +297: test\coverage\missing_files_test.dart: CryptoBackend interface verification SecretKey interface can be implemented
00:00 +298: test\coverage\packet_header_edge_cases_test.dart: LongHeader edge cases byteLength matches serialized length with max CIDs
00:00 +299: test\coverage\missing_files_test.dart: CryptoBackend interface verification PublicKey interface can be implemented
00:00 +300: test\coverage\packet_header_edge_cases_test.dart: ShortHeader edge cases 4-byte packet number round-trip
00:00 +301: test\coverage\packet_header_edge_cases_test.dart: ShortHeader edge cases 4-byte packet number round-trip
00:00 +302: test\coverage\missing_files_test.dart: CryptoBackend interface verification AeadAlgorithm interface can be implemented
00:00 +303: test\coverage\packet_header_edge_cases_test.dart: ShortHeader edge cases byteLength matches serialized length with 4-byte PN
00:00 +304: test\coverage\missing_files_test.dart: CryptoBackend interface verification HashAlgorithm interface can be implemented
00:00 +305: test\coverage\packet_header_edge_cases_test.dart: PacketHeaderParser edge cases parses long header with non-standard version field
00:00 +306: test\coverage\missing_files_test.dart: CryptoBackend interface verification AeadResult interface can be implemented
00:00 +307: test\coverage\packet_header_edge_cases_test.dart: PacketHeaderParser edge cases throws on packet too short for version
00:00 +308: test\coverage\packet_header_edge_cases_test.dart: PacketHeaderParser edge cases throws on packet too short for version
00:00 +309: test\coverage\missing_files_test.dart: CryptoBackend interface verification can create subtype of CryptoBackend and call async methods
00:00 +310: test\coverage\packet_header_edge_cases_test.dart: LongHeader Initial with token round-trip with long token
00:00 +311: test\coverage\packet_header_edge_cases_test.dart: LongHeader Initial with token byteLength matches serialized length with token
00:00 +312: test\coverage\streams_recovery_gap_test.dart: QuicSendStream coverage gaps write with empty data
00:00 +313: test\coverage\streams_recovery_gap_test.dart: QuicSendStream coverage gaps write with empty data
00:00 +314: test\crypto\coverage_gap_test.dart: cipher_suites.dart algorithm constants Aes128Gcm properties
00:00 +315: test\crypto\coverage_gap_test.dart: cipher_suites.dart algorithm constants Aes128Gcm properties
00:00 +316: test\crypto\coverage_gap_test.dart: cipher_suites.dart algorithm constants Aes128Gcm properties
00:00 +317: test\crypto\coverage_gap_test.dart: cipher_suites.dart algorithm constants Aes128Gcm properties
00:00 +318: test\crypto\coverage_gap_test.dart: cipher_suites.dart algorithm constants Aes128Gcm properties
00:00 +319: test\crypto\coverage_gap_test.dart: cipher_suites.dart algorithm constants Aes128Gcm properties
00:00 +320: test\crypto\coverage_gap_test.dart: cipher_suites.dart algorithm constants Aes128Gcm properties
00:00 +321: test\crypto\coverage_gap_test.dart: cipher_suites.dart algorithm constants Aes128Gcm properties
00:00 +322: test\coverage\streams_recovery_gap_test.dart: StreamId coverage gaps encode with all four types
00:00 +323: test\crypto\coverage_gap_test.dart: cipher_suites.dart algorithm constants Aes256Gcm properties
00:00 +324: test\coverage\streams_recovery_gap_test.dart: StreamId coverage gaps decode with all four types
00:00 +325: test\crypto\coverage_gap_test.dart: cipher_suites.dart algorithm constants ChaCha20Poly1305 properties
00:00 +326: test\coverage\streams_recovery_gap_test.dart: StreamId coverage gaps isClientInitiated with server-initiated ID
00:00 +327: test\crypto\coverage_gap_test.dart: cipher_suites.dart algorithm constants Sha256 properties
00:00 +328: test\coverage\streams_recovery_gap_test.dart: StreamId coverage gaps isServerInitiated with client-initiated ID
00:00 +329: test\crypto\coverage_gap_test.dart: cipher_suites.dart algorithm constants Sha384 properties
00:00 +330: test\crypto\coverage_gap_test.dart: cipher_suites.dart algorithm constants Sha384 properties
00:00 +331: test\coverage\streams_recovery_gap_test.dart: StreamId coverage gaps isUnidirectional with bidirectional ID
00:00 +332: test\crypto\coverage_gap_test.dart: cipher_suites.dart algorithm constants CipherSuite static constants have correct IDs
00:00 +333: test\coverage\streams_recovery_gap_test.dart: StreamId coverage gaps StreamIdAllocator.allocateServerBidi
00:00 +334: test\coverage\streams_recovery_gap_test.dart: StreamId coverage gaps StreamIdAllocator.allocateServerBidi
00:00 +335: test\crypto\coverage_gap_test.dart: default_crypto_backend.dart coverage gaps sha384 computes 48-byte digest
00:00 +336: test\crypto\coverage_gap_test.dart: default_crypto_backend.dart coverage gaps sha384 computes 48-byte digest
00:00 +337: test\crypto\coverage_gap_test.dart: default_crypto_backend.dart coverage gaps sha384 computes 48-byte digest
00:00 +338: test\crypto\coverage_gap_test.dart: default_crypto_backend.dart coverage gaps sha384 computes 48-byte digest
00:00 +339: test\crypto\coverage_gap_test.dart: default_crypto_backend.dart coverage gaps sha384 computes 48-byte digest
00:00 +340: test\crypto\coverage_gap_test.dart: default_crypto_backend.dart coverage gaps sha384 computes 48-byte digest
00:00 +341: test\coverage\streams_recovery_gap_test.dart: SentPacketTracker coverage gaps getUnackedPackets returns empty for unknown space
00:00 +342: test\crypto\coverage_gap_test.dart: default_crypto_backend.dart coverage gaps hmac with Sha256 returns 32 bytes
00:00 +343: test\crypto\coverage_gap_test.dart: default_crypto_backend.dart coverage gaps hmac with Sha256 returns 32 bytes
00:00 +344: test\coverage\streams_recovery_gap_test.dart: QuicEndpoint coverage gaps bind with specific port
00:00 +345: test\crypto\coverage_gap_test.dart: default_crypto_backend.dart coverage gaps hmac with Sha384 returns 48 bytes
00:00 +346: test\crypto\coverage_gap_test.dart: default_crypto_backend.dart coverage gaps hmac with Sha384 returns 48 bytes
00:00 +347: test\coverage\streams_recovery_gap_test.dart: QuicEndpoint coverage gaps localPort getter
00:00 +348: test\crypto\coverage_gap_test.dart: default_crypto_backend.dart coverage gaps hkdfExtract with Sha256 returns 32-byte PRK
00:00 +349: test\coverage\streams_recovery_gap_test.dart: QuicEndpoint coverage gaps close when already closed
00:00 +350: test\crypto\coverage_gap_test.dart: default_crypto_backend.dart coverage gaps hkdfExtract with Sha384 returns 48-byte PRK
00:00 +351: test\coverage\streams_recovery_gap_test.dart: QuicEndpoint coverage gaps connect creates a QuicConnection
00:00 +352: test\coverage\streams_recovery_gap_test.dart: QuicEndpoint coverage gaps connect creates a QuicConnection
00:00 +353: test\coverage\streams_recovery_gap_test.dart: QuicEndpoint coverage gaps connect creates a QuicConnection
[ConnectionStateMachine] ConnectionState.idle ΓåÆ ConnectionState.handshaking: Connect to InternetAddress('127.0.0.1', IPv4):1234
[ConnectionStateMachine] ConnectionState.handshaking ΓåÆ ConnectionState.closed: Abort
00:00 +354: test\crypto\coverage_gap_test.dart: default_crypto_backend.dart coverage gaps aeadEncrypt with AES-256-GCM
00:00 +355: test\crypto\coverage_gap_test.dart: default_crypto_backend.dart coverage gaps aeadEncrypt with AES-256-GCM
00:00 +356: test\crypto\coverage_gap_test.dart: default_crypto_backend.dart coverage gaps aeadDecrypt with AES-256-GCM round-trips
00:00 +357: test\crypto\coverage_gap_test.dart: default_crypto_backend.dart coverage gaps aeadEncrypt with ChaCha20-Poly1305
00:00 +358: test\crypto\coverage_gap_test.dart: default_crypto_backend.dart coverage gaps aeadDecrypt with ChaCha20-Poly1305 round-trips
00:00 +359: test\crypto\coverage_gap_test.dart: default_crypto_backend.dart coverage gaps unsupported hash algorithm throws UnsupportedError
00:00 +360: test\crypto\coverage_gap_test.dart: default_crypto_backend.dart coverage gaps unsupported aead algorithm throws UnsupportedError
00:00 +361: test\crypto\coverage_gap_test.dart: default_crypto_backend.dart coverage gaps aeadDecrypt with too-short ciphertext throws ArgumentError
00:00 +362: test\crypto\coverage_gap_test.dart: default_crypto_backend.dart coverage gaps ecdsaP256GenerateKeyPair yields 65-byte uncompressed public key
00:00 +363: test\crypto\coverage_gap_test.dart: default_crypto_backend.dart coverage gaps ecdsaP256GenerateKeyPair yields 65-byte uncompressed public key
00:00 +364: test\crypto\crypto_backend_test.dart: DefaultCryptoBackend sha256 known vector for empty string
00:00 +365: test\crypto\initial_secrets_test.dart: InitialSecrets derive produces different client and server secrets
00:00 +366: test\crypto\initial_secrets_test.dart: InitialSecrets derive produces different client and server secrets
00:00 +367: test\crypto\initial_secrets_test.dart: InitialSecrets derive produces different client and server secrets
00:00 +368: test\crypto\initial_secrets_test.dart: InitialSecrets derive produces different client and server secrets
00:00 +369: test\crypto\initial_secrets_test.dart: InitialSecrets derive produces different client and server secrets
00:00 +370: test\crypto\crypto_backend_test.dart: DefaultCryptoBackend aeadEncrypt/aeadDecrypt round-trip ChaCha20-Poly1305
00:00 +371: test\crypto\crypto_backend_test.dart: DefaultCryptoBackend aeadEncrypt/aeadDecrypt round-trip ChaCha20-Poly1305
00:00 +372: test\crypto\crypto_backend_test.dart: DefaultCryptoBackend aeadEncrypt/aeadDecrypt round-trip ChaCha20-Poly1305
00:00 +373: test\crypto\crypto_backend_test.dart: DefaultCryptoBackend x25519 shared secret equality
00:00 +374: test\crypto\key_manager_test.dart: KeyManager deriveInitial produces keys for Initial space only
00:00 +375: test\crypto\crypto_backend_test.dart: DefaultCryptoBackend ed25519 sign/verify
00:00 +376: test\crypto\crypto_backend_test.dart: DefaultCryptoBackend ed25519 sign/verify
00:00 +377: test\crypto\crypto_backend_test.dart: DefaultCryptoBackend ed25519 sign/verify
00:00 +378: test\crypto\crypto_backend_test.dart: DefaultCryptoBackend ed25519 sign/verify
00:00 +379: test\crypto\crypto_backend_test.dart: DefaultCryptoBackend ed25519 sign/verify
00:00 +380: test\crypto\crypto_backend_test.dart: DefaultCryptoBackend supportedCipherSuites returns expected list
00:00 +381: test\crypto\packet\header_protection_test.dart: HeaderProtection AES apply/remove round-trip for a short header
00:00 +382: test\crypto\packet\key_derivation_test.dart: KeyDerivation deriveKeys produces key/iv/hpKey of correct lengths
00:00 +383: test\crypto\packet\key_derivation_test.dart: KeyDerivation deriveKeys produces key/iv/hpKey of correct lengths
00:00 +384: test\crypto\packet\key_derivation_test.dart: KeyDerivation deriveKeys produces key/iv/hpKey of correct lengths
00:00 +385: test\crypto\packet\key_derivation_test.dart: KeyDerivation deriveKeys produces key/iv/hpKey of correct lengths
00:00 +386: test\crypto\packet\key_derivation_test.dart: KeyDerivation deriveKeys produces key/iv/hpKey of correct lengths
00:00 +387: test\crypto\packet\key_derivation_test.dart: KeyDerivation deriveKeys produces key/iv/hpKey of correct lengths
00:00 +388: test\crypto\packet\key_derivation_test.dart: KeyDerivation same secret produces same keys (deterministic)
00:00 +389: test\crypto\packet\key_derivation_test.dart: KeyDerivation different secrets produce different keys
00:00 +390: test\crypto\packet\key_update_test.dart: KeyUpdate deriveNextSecret produces a different secret
00:00 +391: test\crypto\packet\key_update_test.dart: KeyUpdate deriveNextSecret produces a different secret
00:00 +392: test\crypto\packet\nonce_generator_test.dart: NonceGenerator different packet numbers produce different nonces
00:00 +393: test\crypto\packet\key_update_test.dart: KeyUpdate same input produces same output (deterministic)
00:00 +394: test\crypto\packet\key_update_test.dart: KeyUpdate same input produces same output (deterministic)
00:00 +395: test\crypto\packet\nonce_generator_test.dart: NonceGenerator throws for non-12-byte IV
00:00 +396: test\crypto\packet\packet_protector_test.dart: PacketProtector encrypt then decrypt round-trip
00:00 +397: test\crypto\packet\protected_packet_codec_test.dart: ProtectedPacketCodec LongHeader Initial round-trip with CRYPTO frames
00:00 +398: test\crypto\packet\protected_packet_codec_test.dart: ProtectedPacketCodec LongHeader Initial round-trip with CRYPTO frames
00:00 +399: test\crypto\packet\protected_packet_codec_test.dart: ProtectedPacketCodec LongHeader Initial round-trip with CRYPTO frames
00:00 +400: test\crypto\packet\protected_packet_codec_test.dart: ProtectedPacketCodec LongHeader Initial round-trip with CRYPTO frames
00:00 +401: test\crypto\packet\protected_packet_codec_test.dart: ProtectedPacketCodec LongHeader Initial round-trip with CRYPTO frames
00:01 +402: test\crypto\packet\protected_packet_codec_test.dart: ProtectedPacketCodec ShortHeader Application round-trip with STREAM frames
00:01 +403: test\crypto\packet\retry_integrity_tag_test.dart: RetryIntegrityTag compute produces a 16-byte tag
00:01 +404: test\crypto\packet\retry_integrity_tag_test.dart: RetryIntegrityTag compute produces a 16-byte tag
00:01 +405: test\crypto\retry_token_generator_test.dart: RetryTokenGenerator generate produces non-empty token
00:01 +406: test\crypto\retry_token_generator_test.dart: RetryTokenGenerator generate produces non-empty token
00:01 +407: test\crypto\retry_token_generator_test.dart: RetryTokenGenerator generate produces non-empty token
00:01 +408: test\crypto\retry_token_generator_test.dart: RetryTokenGenerator validate returns true for valid token
00:01 +409: test\crypto\retry_token_generator_test.dart: RetryTokenGenerator validate returns false for expired token
00:01 +410: test\crypto\retry_token_generator_test.dart: RetryTokenGenerator validate returns false for tampered token
00:01 +411: test\crypto\retry_token_generator_test.dart: RetryTokenGenerator validate returns false for wrong address
00:01 +412: test\crypto\tls\certificate_chain_test.dart: CertificateInfo parseCertificate returns a CertificateInfo
00:01 +413: test\crypto\tls\certificate_chain_test.dart: CertificateInfo isExpired detects expired certificate
00:01 +414: test\crypto\tls\certificate_chain_test.dart: CertificateInfo isSelfSigned returns true when subject == issuer
00:01 +415: test\crypto\tls\certificate_chain_test.dart: CertificateChain validateChain with valid chain returns true
00:01 +416: test\crypto\tls\certificate_chain_test.dart: CertificateChain validateChain with expired cert returns false
00:01 +417: test\crypto\tls\certificate_chain_test.dart: CertificateChain validateChain rejects unsupported algorithm
00:01 +418: test\crypto\tls\certificate_chain_test.dart: CertificateVerifier integration verifyCertificateChain with empty chain returns true
00:01 +419: test\crypto\tls\certificate_message_test.dart: CertificateMessage serialize round-trip with parse
00:01 +420: test\crypto\tls\certificate_message_test.dart: CertificateMessage serialize round-trip with parse
00:01 +421: test\crypto\tls\certificate_message_test.dart: CertificateMessage empty entries list works
00:01 +422: test\crypto\tls\certificate_message_test.dart: CertificateMessage multiple entries preserved
00:01 +423: test\crypto\tls\certificate_message_test.dart: CertificateMessage request context preserved
00:01 +424: test\crypto\tls\certificate_verifier_test.dart: CertificateVerifier.verifySignature ed25519 round-trip (generate, sign, verify)
00:01 +425: test\crypto\tls\certificate_verifier_test.dart: CertificateVerifier.verifySignature ed25519 round-trip (generate, sign, verify)
00:01 +426: test\crypto\tls\certificate_verifier_test.dart: CertificateVerifier.verifySignature ed25519 round-trip (generate, sign, verify)
00:01 +427: test\crypto\tls\certificate_verifier_test.dart: CertificateVerifier.verifySignature ed25519 round-trip (generate, sign, verify)
00:01 +428: test\crypto\tls\certificate_verifier_test.dart: CertificateVerifier.verifySignature ed25519 round-trip (generate, sign, verify)
00:01 +429: test\crypto\tls\certificate_verifier_test.dart: CertificateVerifier.verifySignature ed25519 rejects tampered message
00:01 +430: test\crypto\tls\certificate_verifier_test.dart: CertificateVerifier.verifySignature ecdsaP256 round-trip (generate, sign, verify)
00:01 +431: test\crypto\tls\certificate_verifier_test.dart: CertificateVerifier.verifySignature ecdsaP256 round-trip (generate, sign, verify)
00:01 +432: test\crypto\tls\certificate_verifier_test.dart: CertificateVerifier.verifySignature ecdsaP256 round-trip (generate, sign, verify)
00:01 +433: test\crypto\tls\certificate_verifier_test.dart: CertificateVerifier.verifySignature ecdsaP256 round-trip (generate, sign, verify)
00:01 +434: test\crypto\tls\certificate_verifier_test.dart: CertificateVerifier.verifySignature ecdsaP256 round-trip (generate, sign, verify)
00:01 +435: test\crypto\tls\certificate_verifier_test.dart: CertificateVerifier.verifySignature ecdsaP256 round-trip (generate, sign, verify)
00:01 +436: test\crypto\tls\certificate_verifier_test.dart: CertificateVerifier.verifySignature ecdsaP256 round-trip (generate, sign, verify)
00:01 +437: test\crypto\tls\certificate_verifier_test.dart: CertificateVerifier.verifySignature ecdsaP256 round-trip (generate, sign, verify)
00:01 +438: test\crypto\tls\certificate_verifier_test.dart: CertificateVerifier.verifySignature ecdsaP256 round-trip (generate, sign, verify)
00:01 +439: test\crypto\tls\certificate_verifier_test.dart: CertificateVerifier.verifySignature ecdsaP256 round-trip (generate, sign, verify)
00:01 +440: test\crypto\tls\crypto_frame_deliverer_test.dart: CryptoFrameDeliverer small message fits in one frame
00:01 +441: test\crypto\tls\crypto_frame_deliverer_test.dart: CryptoFrameDeliverer small message fits in one frame
00:01 +442: test\crypto\tls\crypto_frame_deliverer_test.dart: CryptoFrameDeliverer small message fits in one frame
00:01 +443: test\crypto\tls\crypto_frame_deliverer_test.dart: CryptoFrameDeliverer small message fits in one frame
00:01 +444: test\crypto\tls\certificate_verifier_test.dart: CertificateVerifier.verifyCertificateChain returns true for multi-cert chain (scaffold behaviour)
00:01 +445: test\crypto\tls\crypto_frame_deliverer_test.dart: CryptoFrameDeliverer large message chunked correctly
00:01 +446: test\crypto\tls\crypto_frame_deliverer_test.dart: CryptoFrameDeliverer sequential offsets
00:01 +447: test\crypto\tls\crypto_frame_deliverer_test.dart: CryptoFrameDeliverer reset clears state
00:01 +448: test\crypto\tls\crypto_message_parser_test.dart: parseMessageType returns null for empty message
00:01 +449: test\crypto\tls\crypto_message_parser_test.dart: parseMessageType returns null for unknown type
00:01 +450: test\crypto\tls\encrypted_extensions_test.dart: EncryptedExtensions serialize round-trip with parse
00:01 +451: test\crypto\tls\encrypted_extensions_test.dart: EncryptedExtensions serialize round-trip with parse
00:01 +452: test\crypto\tls\encrypted_extensions_test.dart: EncryptedExtensions serialize round-trip with parse
00:01 +453: test\crypto\tls\encrypted_extensions_test.dart: EncryptedExtensions serialize round-trip with parse
00:01 +454: test\crypto\tls\encrypted_extensions_test.dart: EncryptedExtensions serialize round-trip with parse
00:01 +455: test\crypto\tls\encrypted_extensions_test.dart: EncryptedExtensions serialize round-trip with parse
00:01 +456: test\crypto\tls\encrypted_extensions_test.dart: EncryptedExtensions serialize round-trip with parse
00:01 +457: test\crypto\tls\encrypted_extensions_test.dart: EncryptedExtensions serialize round-trip with parse
00:01 +458: test\crypto\tls\encrypted_extensions_test.dart: EncryptedExtensions serialize round-trip with parse
00:01 +459: test\crypto\tls\encrypted_extensions_test.dart: EncryptedExtensions serialize round-trip with parse
00:01 +460: test\crypto\tls\encrypted_extensions_test.dart: EncryptedExtensions serialize round-trip with parse
00:01 +461: test\crypto\tls\encrypted_extensions_test.dart: EncryptedExtensions serialize round-trip with parse
00:01 +462: test\crypto\tls\crypto_message_parser_test.dart: parseMessage throws on truncated payload
00:01 +463: test\crypto\tls\encrypted_extensions_test.dart: EncryptedExtensions empty extensions list works
00:01 +464: test\crypto\tls\crypto_message_parser_test.dart: parseMessage throws on unknown type
00:01 +465: test\crypto\tls\encrypted_extensions_test.dart: EncryptedExtensions multiple extensions preserved
00:01 +466: test\crypto\tls\encrypted_extensions_test.dart: EncryptedExtensions parse rejects truncated header
00:01 +467: test\crypto\tls\finished_message_test.dart: FinishedMessage serialize round-trip with parse
00:01 +468: test\crypto\tls\finished_message_test.dart: FinishedMessage serialize round-trip with parse
00:01 +469: test\crypto\tls\finished_message_test.dart: FinishedMessage verifyData length preserved
00:01 +470: test\crypto\tls\finished_message_test.dart: FinishedMessage different data produces different serialization
00:01 +471: test\crypto\tls\handshake_coordinator_test.dart: HandshakeCoordinator generates keys successfully
00:01 +472: test\crypto\tls\handshake_coordinator_test.dart: HandshakeCoordinator processClientHello returns a SecretKey
00:01 +473: test\crypto\tls\handshake_coordinator_test.dart: HandshakeCoordinator installHandshakeKeys transitions KeyManager to have handshake keys
00:01 +474: test\crypto\tls\handshake_coordinator_test.dart: CryptoFrameHandler with coordinator uses coordinator when a ClientHello is received
00:01 +475: test\crypto\tls\handshake_key_exchange_test.dart: HandshakeKeyExchange generateEphemeralKeys produces non-null keys
00:01 +476: test\crypto\tls\handshake_key_exchange_test.dart: HandshakeKeyExchange generateEphemeralKeys produces non-null keys
00:01 +477: test\crypto\tls\handshake_state_machine_test.dart: HandshakeStateMachine client path clientStart -> clientWaitServerHello on sending ClientHello
00:01 +478: test\crypto\tls\handshake_key_exchange_test.dart: HandshakeKeyExchange two parties can compute the same shared secret (X25519 symmetry)
00:01 +479: test\crypto\tls\handshake_key_exchange_test.dart: HandshakeKeyExchange two parties can compute the same shared secret (X25519 symmetry)
00:01 +480: test\crypto\tls\handshake_key_exchange_test.dart: HandshakeKeyExchange two parties can compute the same shared secret (X25519 symmetry)
00:01 +481: test\crypto\tls\handshake_key_exchange_test.dart: HandshakeKeyExchange two parties can compute the same shared secret (X25519 symmetry)
00:01 +482: test\crypto\tls\handshake_key_exchange_test.dart: HandshakeKeyExchange two parties can compute the same shared secret (X25519 symmetry)
00:01 +483: test\crypto\tls\handshake_key_exchange_test.dart: HandshakeKeyExchange two parties can compute the same shared secret (X25519 symmetry)
00:01 +484: test\crypto\tls\handshake_key_exchange_test.dart: HandshakeKeyExchange two parties can compute the same shared secret (X25519 symmetry)
00:01 +485: test\crypto\tls\handshake_key_exchange_test.dart: HandshakeKeyExchange two parties can compute the same shared secret (X25519 symmetry)
00:01 +486: test\crypto\tls\handshake_key_exchange_test.dart: HandshakeKeyExchange two parties can compute the same shared secret (X25519 symmetry)
00:01 +487: test\crypto\tls\server_hello_test.dart: ServerHello serialize produces non-empty bytes
00:01 +488: test\crypto\tls\server_hello_test.dart: ServerHello serialize produces non-empty bytes
00:01 +489: test\crypto\tls\server_hello_test.dart: ServerHello serialize produces non-empty bytes
00:01 +490: test\crypto\tls\server_hello_test.dart: ServerHello serialize produces non-empty bytes
00:01 +491: test\crypto\tls\server_hello_test.dart: ServerHello serialize produces non-empty bytes
00:01 +492: test\crypto\tls\server_hello_test.dart: ServerHello serialize produces non-empty bytes
00:01 +493: test\crypto\tls\server_hello_test.dart: ServerHello serialize produces non-empty bytes
00:01 +494: test\crypto\tls\handshake_key_exchange_test.dart: HandshakeKeyExchange deriveTrafficSecrets produces distinct client and server secrets
00:01 +495: test\crypto\tls\handshake_key_exchange_test.dart: HandshakeKeyExchange deriveTrafficSecrets produces distinct client and server secrets
00:01 +496: test\crypto\tls\handshake_key_exchange_test.dart: HandshakeKeyExchange deriveTrafficSecrets produces distinct client and server secrets
00:01 +497: test\crypto\tls\handshake_key_exchange_test.dart: HandshakeKeyExchange deriveTrafficSecrets produces distinct client and server secrets
00:01 +498: test\crypto\tls\server_hello_test.dart: ServerHello random is 32 bytes
00:01 +499: test\crypto\tls\server_hello_test.dart: ServerHello random is 32 bytes
00:01 +500: test\crypto\tls\server_hello_test.dart: ServerHello random is 32 bytes
00:01 +501: test\crypto\tls\server_hello_test.dart: ServerHello cipher suite included
00:01 +502: test\crypto\tls\server_hello_test.dart: ServerHello extensions included
00:01 +503: test\crypto\tls\tls_handshake_types_test.dart: TlsHandshakeType enum values match RFC 8446 constants
00:01 +504: test\crypto\tls\tls_handshake_types_test.dart: TlsContentType enum values match RFC constants
00:01 +505: test\crypto\tls\tls_handshake_types_test.dart: TlsExtensionType extension type values are correct
00:01 +506: test\crypto\tls\tls_handshake_types_test.dart: TlsConstants TLS version constants are correct
00:01 +507: test\crypto\tls\tls_handshake_types_test.dart: TlsConstants size constants are correct
00:01 +508: test\crypto\tls\tls_message_builder_test.dart: TlsMessageBuilder buildClientHello parseMessage returns correct type and non-empty payload
00:01 +509: test\crypto\tls\tls_message_builder_test.dart: TlsMessageBuilder buildClientHello build + parse round-trip preserves payload bytes
00:01 +510: test\crypto\tls\tls_message_builder_test.dart: TlsMessageBuilder buildServerHello parseMessage returns correct type
00:01 +511: test\crypto\zero_rtt_helper_test.dart: ZeroRttHelper deriveKeys produces key/iv/hpKey of correct lengths
00:01 +512: test\crypto\zero_rtt_helper_test.dart: ZeroRttHelper deriveKeys produces key/iv/hpKey of correct lengths
00:01 +513: test\crypto\zero_rtt_helper_test.dart: ZeroRttHelper deriveKeys produces key/iv/hpKey of correct lengths
00:01 +514: test\crypto\zero_rtt_helper_test.dart: ZeroRttHelper deriveKeys produces key/iv/hpKey of correct lengths
00:01 +515: test\crypto\zero_rtt_helper_test.dart: ZeroRttHelper isAcceptable true for positive maxEarlyData
00:01 +516: test\crypto\zero_rtt_helper_test.dart: ZeroRttHelper isAcceptable false for zero
00:01 +517: test\crypto\zero_rtt_helper_test.dart: ZeroRttHelper same PSK produces same keys (deterministic)
00:01 +518: test\crypto\zero_rtt_test.dart: KeyManager 0-RTT deriveZeroRtt produces keys for zeroRtt space
00:01 +519: test\fuzz\crypto_fuzz_test.dart: Frame fuzz random bytes do not crash frame codec
00:01 +520: test\fuzz\crypto_fuzz_test.dart: Frame fuzz random bytes do not crash frame codec
00:01 +521: test\fuzz\crypto_fuzz_test.dart: Frame fuzz random bytes do not crash frame codec
00:01 +522: test\crypto\zero_rtt_test.dart: SessionTicketStore stores and retrieves tickets
00:01 +523: test\crypto\zero_rtt_test.dart: SessionTicketStore evicts expired tickets on retrieve
00:01 +524: test\crypto\zero_rtt_test.dart: SessionTicketStore validTicketIds excludes expired tickets
00:01 +525: test\crypto\zero_rtt_test.dart: SessionTicketStore caps at max tickets and evicts oldest on overflow
00:01 +526: test\crypto\zero_rtt_test.dart: SessionTicketStore refreshing existing ticket moves it to newest
00:01 +527: test\crypto\zero_rtt_test.dart: SessionTicketStore remove deletes a ticket
00:01 +528: test\fuzz\wire_fuzz_test.dart: VarInt fuzz encode/decode round-trip for random values
00:01 +529: test\helpers\hex_test.dart: hexDecode decodes empty string to empty list
00:01 +530: test\fuzz\wire_fuzz_test.dart: PacketHeader fuzz random short headers do not crash parser
00:01 +531: test\helpers\hex_test.dart: hexDecode decodes simple bytes
00:01 +532: test\helpers\hex_test.dart: hexDecode ignores spaces
00:01 +533: test\helpers\hex_test.dart: hexDecode throws on odd-length input
00:01 +534: test\helpers\hex_test.dart: hexDecode throws on invalid hex characters
00:01 +535: test\helpers\hex_test.dart: hexEncode encodes empty list to empty string
00:01 +536: test\helpers\hex_test.dart: hexEncode encodes bytes with spaces
00:01 +537: test\helpers\hex_test.dart: round-trip encode/decode
00:01 +538: test\helpers\mock_crypto_backend_test.dart: MockCryptoBackend defaults name is "mock"
00:01 +539: test\helpers\mock_udp_socket_test.dart: MockUdpSocket initial state is not closed with empty sent list
00:01 +540: test\helpers\mock_udp_socket_test.dart: MockUdpSocket initial state is not closed with empty sent list
00:01 +541: test\helpers\mock_crypto_backend_test.dart: MockCryptoBackend defaults randomBytes returns list of given length
00:01 +542: test\helpers\mock_udp_socket_test.dart: MockUdpSocket send captures datagram
00:01 +543: test\helpers\mock_udp_socket_test.dart: MockUdpSocket send captures datagram
00:01 +544: test\helpers\mock_udp_socket_test.dart: MockUdpSocket send captures datagram
00:01 +545: test\helpers\mock_crypto_backend_test.dart: MockCryptoBackend defaults hmac returns empty list
00:01 +546: test\helpers\mock_udp_socket_test.dart: MockUdpSocket send throws after close
00:01 +547: test\helpers\mock_udp_socket_test.dart: MockUdpSocket send throws after close
00:01 +548: test\helpers\mock_crypto_backend_test.dart: MockCryptoBackend defaults hkdfExpand returns empty list
00:01 +549: test\helpers\mock_udp_socket_test.dart: MockUdpSocket close sets isClosed
00:01 +550: test\helpers\mock_crypto_backend_test.dart: MockCryptoBackend defaults hkdfExpandLabel returns empty list
00:01 +551: test\helpers\mock_udp_socket_test.dart: MockUdpSocket listen receives injected datagrams
00:01 +552: test\helpers\mock_udp_socket_test.dart: MockUdpSocket listen receives injected datagrams
00:01 +553: test\helpers\mock_udp_socket_test.dart: MockUdpSocket listen receives injected datagrams
00:01 +554: test\helpers\mock_udp_socket_test.dart: MockUdpSocket listen receives injected datagrams
00:01 +555: test\helpers\mock_udp_socket_test.dart: MockUdpSocket listen receives injected datagrams
00:01 +556: test\helpers\mock_udp_socket_test.dart: MockUdpSocket listen receives injected datagrams
00:01 +557: test\helpers\mock_udp_socket_test.dart: MockUdpSocket listen receives injected datagrams
00:01 +558: test\helpers\mock_udp_socket_test.dart: MockUdpSocket listen receives injected datagrams
00:01 +559: test\helpers\mock_udp_socket_test.dart: MockUdpSocket listen receives injected datagrams
00:01 +560: test\helpers\mock_udp_socket_test.dart: MockUdpSocket listen receives injected datagrams
00:01 +561: test\helpers\mock_udp_socket_test.dart: MockUdpSocket listen receives injected datagrams
00:01 +562: test\helpers\mock_udp_socket_test.dart: MockUdpSocket inject is no-op after close
00:01 +563: test\helpers\test_with_logging_test.dart: testWithLogging runs body on success
[START] testWithLogging runs body on success
[PASS] testWithLogging runs body on success
00:01 +564: test\helpers\range_test.dart: listEquals returns true for identical lists
00:01 +565: test\helpers\range_test.dart: listEquals returns true for empty lists
00:01 +566: test\helpers\test_with_logging_test.dart: testWithLogging supports async bodies
[START] testWithLogging supports async bodies
00:01 +567: test\helpers\test_with_logging_test.dart: testWithLogging supports async bodies
00:01 +568: test\helpers\test_with_logging_test.dart: testWithLogging supports async bodies
00:01 +569: test\helpers\test_with_logging_test.dart: testWithLogging supports async bodies
[PASS] testWithLogging supports async bodies
00:01 +570: test\helpers\test_with_logging_test.dart: testWithLogging supports async bodies
00:01 +571: test\helpers\range_test.dart: concat returns empty list for all empty parts
00:01 +572: test\helpers\varint_test_cases_test.dart: varintTestCases contains the expected number of cases
00:01 +573: test\helpers\varint_test_cases_test.dart: varintTestCases case 0 encodes to [0x00]
00:01 +574: test\helpers\varint_test_cases_test.dart: varintTestCases case 1 encodes to [0x01]
00:01 +575: test\helpers\varint_test_cases_test.dart: varintTestCases case 63 encodes to [0x3f]
00:01 +576: test\helpers\varint_test_cases_test.dart: varintTestCases case 64 encodes to [0x40, 0x40]
00:01 +577: test\helpers\varint_test_cases_test.dart: varintTestCases case 16383 encodes to [0x7f, 0xff]
00:01 +578: test\helpers\varint_test_cases_test.dart: varintTestCases case 16384 encodes to [0x80, 0x00, 0x40, 0x00]
00:01 +579: test\helpers\varint_test_cases_test.dart: varintTestCases case 1073741823 encodes to 4-byte width
00:01 +580: test\helpers\varint_test_cases_test.dart: varintTestCases case 1073741824 encodes to 8-byte width
00:01 +581: test\helpers\varint_test_cases_test.dart: varintTestCases case 4611686018427387903 encodes to all 0xff
00:01 +582: test\http3\cancel_push_frame_test.dart: Http3CancelPushFrame serializePayload / parsePayload round-trip
00:01 +583: test\http3\cancel_push_frame_test.dart: Http3CancelPushFrame toFrame produces correct type
00:01 +584: test\http3\cancel_push_frame_test.dart: Http3CancelPushFrame large push ID handled correctly
00:01 +585: test\http3\coverage_gap_test.dart: Http3CancelPushFrame coverage gaps == and hashCode
00:01 +586: test\http3\data_frame_test.dart: Http3DataFrame toFrame produces DATA type
00:01 +587: test\http3\data_frame_test.dart: Http3DataFrame toFrame produces DATA type
00:01 +588: test\http3\data_frame_test.dart: Http3DataFrame toFrame produces DATA type
00:01 +589: test\http3\data_frame_test.dart: Http3DataFrame toFrame produces DATA type
00:01 +590: test\http3\data_frame_test.dart: Http3DataFrame toFrame produces DATA type
00:01 +591: test\http3\data_frame_test.dart: Http3DataFrame toFrame produces DATA type
00:01 +592: test\http3\coverage_gap_test.dart: Http3DataFrame coverage gaps edge cases: empty data
00:01 +593: test\http3\data_frame_test.dart: Http3DataFrame fromPayload round-trip
00:01 +594: test\http3\coverage_gap_test.dart: Http3DataFrame coverage gaps edge cases: large data
00:01 +595: test\http3\coverage_gap_test.dart: Http3DataFrame coverage gaps edge cases: large data
00:01 +596: test\http3\data_frame_test.dart: Http3DataFrame large data preserved
00:01 +597: test\http3\data_frame_test.dart: Http3DataFrame large data preserved
00:01 +598: test\http3\data_frame_test.dart: Http3DataFrame large data preserved
00:01 +599: test\http3\data_frame_test.dart: Http3DataFrame large data preserved
00:01 +600: test\http3\data_frame_test.dart: Http3DataFrame large data preserved
00:01 +601: test\http3\data_frame_test.dart: Http3DataFrame large data preserved
00:01 +602: test\http3\coverage_gap_test.dart: Http3HeadersFrame coverage gaps toString does not leak raw encodedFieldSection
00:01 +603: test\http3\coverage_gap_test.dart: Http3HeadersFrame coverage gaps edge cases: empty encodedFieldSection
00:01 +604: test\http3\coverage_gap_test.dart: Http3HeadersFrame coverage gaps edge cases: large encodedFieldSection
00:01 +605: test\http3\coverage_gap_test.dart: Http3MaxPushIdFrame coverage gaps == and hashCode
00:01 +606: test\http3\coverage_gap_test.dart: Http3MaxPushIdFrame coverage gaps toString contains pushId
00:01 +607: test\http3\coverage_gap_test.dart: Http3MaxPushIdFrame coverage gaps edge cases: empty payload throws on parse
00:01 +608: test\http3\coverage_gap_test.dart: Http3MaxPushIdFrame coverage gaps edge cases: large pushId
00:01 +609: test\http3\coverage_gap_test.dart: Http3PushPromiseFrame coverage gaps == and hashCode
00:01 +610: test\http3\coverage_gap_test.dart: Http3PushPromiseFrame coverage gaps toString contains pushId and length
00:01 +611: test\http3\coverage_gap_test.dart: Http3PushPromiseFrame coverage gaps edge cases: empty encodedFieldSection
00:01 +612: test\http3\coverage_gap_test.dart: Http3PushPromiseFrame coverage gaps edge cases: large pushId and field section
00:01 +613: test\http3\frame_types_test.dart: Http3Frame.serialize produces valid bytes for DATA frame
00:01 +614: test\http3\frame_types_test.dart: Http3Frame.serialize produces valid bytes for DATA frame
00:01 +615: test\http3\frame_types_test.dart: Http3Frame.serialize produces valid bytes for DATA frame
00:01 +616: test\http3\frame_types_test.dart: Http3Frame.serialize produces valid bytes for DATA frame
00:01 +617: test\http3\frame_types_test.dart: Http3Frame.serialize produces valid bytes for DATA frame
00:01 +618: test\http3\frame_types_test.dart: Http3Frame.serialize produces valid bytes for DATA frame
00:01 +619: test\http3\frame_types_test.dart: Http3Frame.serialize produces valid bytes for DATA frame
00:01 +620: test\http3\frame_types_test.dart: Http3Frame.serialize produces valid bytes for DATA frame
00:01 +621: test\http3\frame_types_test.dart: Http3Frame.serialize produces valid bytes for DATA frame
00:01 +622: test\http3\frame_types_test.dart: Http3Frame.serialize produces valid bytes for DATA frame
00:01 +623: test\http3\frame_types_test.dart: Http3Frame.serialize produces valid bytes for DATA frame
00:01 +624: test\http3\frame_types_test.dart: Http3Frame.serialize produces valid bytes for DATA frame
00:01 +625: test\http3\coverage_gap_test.dart: Capsule coverage gaps serialize for each type
00:01 +626: test\http3\frame_types_test.dart: Http3Frame.serialize produces valid bytes for SETTINGS frame with empty payload
00:01 +627: test\http3\coverage_gap_test.dart: Capsule coverage gaps parse with offset > 0
00:01 +628: test\http3\frame_types_test.dart: Http3Frame.parse round-trips a HEADERS frame
00:01 +629: test\http3\frame_types_test.dart: Http3Frame.parse round-trips a HEADERS frame
00:01 +630: test\http3\frame_types_test.dart: Http3Frame.parse round-trips a HEADERS frame
00:01 +631: test\http3\coverage_gap_test.dart: Capsule coverage gaps toString contains type name and length
00:01 +632: test\http3\frame_types_test.dart: Http3Frame.parse preserves all known frame types
00:01 +633: test\http3\coverage_gap_test.dart: Capsule coverage gaps large payload
00:01 +634: test\http3\coverage_gap_test.dart: Capsule coverage gaps large payload
00:01 +635: test\http3\coverage_gap_test.dart: Capsule coverage gaps large payload
00:01 +636: test\http3\coverage_gap_test.dart: WebTransportSession coverage gaps initiateClose with reason phrase
00:01 +637: test\http3\coverage_gap_test.dart: WebTransportSession coverage gaps initiateClose with error code only
00:01 +638: test\http3\coverage_gap_test.dart: WebTransportSession coverage gaps onCapsuleReceived with unknown capsule type is ignored
00:01 +639: test\http3\coverage_gap_test.dart: WebTransportSession coverage gaps onCloseAcknowledged when already closed
00:01 +640: test\http3\coverage_gap_test.dart: WebTransportSession coverage gaps sessionId getter
00:01 +641: test\http3\goaway_frame_test.dart: Http3GoawayFrame serializePayload / parsePayload round-trip
00:01 +642: test\http3\goaway_frame_test.dart: Http3GoawayFrame toFrame produces correct type and payload
00:01 +643: test\http3\goaway_frame_test.dart: Http3GoawayFrame large stream ID handled correctly
00:01 +644: test\http3\headers_frame_test.dart: Http3HeadersFrame toFrame produces HEADERS type
00:01 +645: test\http3\headers_frame_test.dart: Http3HeadersFrame fromPayload round-trip
00:01 +646: test\http3\headers_frame_test.dart: Http3HeadersFrame empty field section works
00:01 +647: test\http3\http3_body_stream_test.dart: Http3Connection body streaming sendBody stores DATA frames
00:02 +648: test\http3\http3_body_stream_test.dart: Http3Connection body streaming sendBody with empty body stores an empty EOF marker frame
00:02 +649: test\http3\http3_body_stream_test.dart: Http3Connection body streaming getBody concatenates frames
00:02 +650: test\http3\http3_body_stream_test.dart: Http3Connection body streaming getBody excludes empty EOF-marker frames
00:02 +651: test\http3\http3_body_stream_test.dart: Http3Connection body streaming hasBody returns false when no data exists
00:02 +652: test\http3\http3_body_stream_test.dart: Http3BodyStream yields chunks as they arrive
00:02 +653: test\http3\http3_body_stream_test.dart: Http3BodyStream fullBody concatenates all chunks
00:02 +654: test\http3\http3_body_stream_test.dart: Http3BodyStream isComplete is true after EOF marker
00:02 +655: test\http3\http3_connection_test.dart: Http3Connection sendRequest returns a stream ID
00:02 +656: test\http3\http3_connection_test.dart: Http3Connection sendRequest returns a stream ID
00:02 +657: test\http3\http3_request_response_test.dart: Http3Request encode and decode a simple GET request
00:02 +658: test\http3\http3_request_response_test.dart: Http3Request encode and decode a simple GET request
00:02 +659: test\http3\http3_request_response_test.dart: Http3Request encode and decode a simple GET request
00:02 +660: test\http3\http3_request_response_test.dart: Http3Request encode and decode a simple GET request
00:02 +661: test\http3\http3_request_response_test.dart: Http3Request encode and decode a simple GET request
00:02 +662: test\http3\http3_request_response_test.dart: Http3Request encode and decode a POST request with body
00:02 +663: test\http3\http3_request_response_test.dart: Http3Response encode and decode a 200 OK response
00:02 +664: test\http3\http3_request_response_test.dart: Http3Connection with request/response sendRequest with Http3Request returns stream ID
00:02 +665: test\http3\http3_request_response_test.dart: Http3Connection with request/response getResponse returns decoded response after onStreamFrame with HEADERS
00:02 +666: test\http3\http3_request_response_test.dart: Http3Connection with request/response getResponse returns null when no headers received
00:02 +667: test\http3\http3_stream_test.dart: Http3StreamHandler.typeFromStreamId detects client control stream correctly
00:02 +668: test\http3\http3_stream_test.dart: Http3StreamHandler.typeFromStreamId detects server control stream correctly
00:02 +669: test\http3\http3_stream_test.dart: Http3StreamHandler.typeFromStreamId detects request stream correctly
00:02 +670: test\http3\http3_stream_test.dart: Http3StreamHandler.typeFromStreamId detects push stream correctly
00:02 +671: test\http3\http3_stream_test.dart: Http3StreamHandler.typeFromStreamId returns reserved for unknown/unused stream types
00:02 +672: test\http3\http3_stream_test.dart: Http3StreamHandler instance getters client control stream getter
00:02 +673: test\http3\http3_stream_test.dart: Http3StreamHandler instance getters server control stream getter
00:02 +674: test\http3\http3_stream_test.dart: Http3StreamHandler instance getters request stream getter
00:02 +675: test\http3\http3_stream_test.dart: Http3StreamHandler instance getters push stream getter
00:02 +676: test\http3\max_push_id_frame_test.dart: Http3MaxPushIdFrame serializePayload / parsePayload round-trip
00:02 +677: test\http3\max_push_id_frame_test.dart: Http3MaxPushIdFrame toFrame produces correct type
00:02 +678: test\http3\max_push_id_frame_test.dart: Http3MaxPushIdFrame large push ID handled correctly
00:02 +679: test\http3\push_promise_frame_test.dart: Http3PushPromiseFrame serializePayload / parsePayload round-trip
00:02 +680: test\http3\push_promise_test.dart: Http3PushPromiseFrame serialize / parse round-trip
00:02 +681: test\http3\push_promise_test.dart: Http3PushPromiseFrame serialize / parse round-trip
00:02 +682: test\http3\push_promise_test.dart: Http3PushPromiseFrame serialize / parse round-trip
00:02 +683: test\http3\push_promise_test.dart: Http3PushPromiseFrame serialize / parse round-trip
00:02 +684: test\http3\push_promise_test.dart: Http3PushPromiseFrame serialize / parse round-trip
00:02 +685: test\http3\push_promise_test.dart: Http3CancelPushFrame serialize / parse round-trip
00:02 +686: test\http3\push_promise_test.dart: Http3FrameType includes pushPromise and cancelPush
00:02 +687: test\http3\push_promise_test.dart: Http3Connection push promises registers and checks push promises
00:02 +688: test\http3\push_promise_test.dart: Http3Connection push promises onStreamFrame with pushPromise stores promise
00:02 +689: test\http3\push_promise_test.dart: Http3Connection push promises onStreamFrame with cancelPush removes promise
00:02 +690: test\http3\qpack_dynamic_table_test.dart: QpackDynamicTable insert entries and retrieve by index
00:02 +691: test\http3\qpack_dynamic_table_test.dart: QpackDynamicTable capacity eviction removes oldest entries
00:02 +692: test\http3\qpack_dynamic_table_test.dart: QpackDynamicTable setCapacity with lower value evicts
00:02 +693: test\http3\qpack_dynamic_table_test.dart: QpackDynamicTable find returns correct index
00:02 +694: test\http3\qpack_dynamic_table_test.dart: QpackDynamicTable size calculation is correct
00:02 +695: test\http3\qpack_dynamic_table_test.dart: QpackDynamicTable capacity getter reflects setCapacity
00:02 +696: test\http3\qpack_dynamic_table_test.dart: encodeWithDynamicTable uses dynamic reference when exact match available
00:02 +697: test\http3\qpack_dynamic_table_test.dart: encodeWithDynamicTable falls back to static table exact match
00:02 +698: test\http3\qpack_dynamic_table_test.dart: encodeWithDynamicTable uses dynamic name reference when name match available
00:02 +699: test\http3\qpack_dynamic_table_test.dart: encodeWithDynamicTable falls back to static name reference
00:02 +700: test\http3\qpack_dynamic_table_test.dart: encodeWithDynamicTable falls back to literal without name reference
00:02 +701: test\http3\qpack_encoder_test.dart: QpackEncoder encodeFieldLine with exact static table match
00:02 +702: test\http3\qpack_encoder_test.dart: QpackEncoder encodeFieldLine with name match but different value
00:02 +703: test\http3\qpack_encoder_test.dart: QpackEncoder encodeFieldLine with unknown name
00:02 +704: test\http3\qpack_encoder_test.dart: QpackEncoder encodeFieldLines with multiple lines
00:02 +705: test\http3\qpack_integer_test.dart: QpackInteger.encode small values fit in one byte with prefixBits=5
00:02 +706: test\http3\qpack_integer_test.dart: QpackInteger.encode small values fit in one byte with prefixBits=5
00:02 +707: test\http3\qpack_integer_test.dart: QpackInteger.encode small values fit in one byte with prefixBits=5
00:02 +707: loading test\http3\qpack_static_table_test.dart
Warning: A tag was used that wasn't specified in dart_test.yaml.
  slow was used in the test "QpackStaticTable all entries have non-empty names"

00:02 +708: test\http3\qpack_integer_test.dart: QpackInteger.encode small values fit in one byte with prefixBits=5
00:02 +709: test\http3\qpack_integer_test.dart: QpackInteger.encode small values fit in one byte with prefixBits=5
00:02 +710: test\http3\qpack_static_table_test.dart: QpackStaticTable get returns correct entry for known indices
00:02 +711: test\http3\qpack_static_table_test.dart: QpackStaticTable get returns correct entry for known indices
00:02 +712: test\http3\qpack_static_table_test.dart: QpackStaticTable get returns correct entry for known indices
00:02 +713: test\http3\qpack_integer_test.dart: QpackInteger.encode different prefixBits work correctly
00:02 +714: test\http3\qpack_static_table_test.dart: QpackStaticTable get returns null for out-of-bounds
00:02 +715: test\http3\qpack_integer_test.dart: QpackInteger.encode rejects invalid prefixBits
00:02 +716: test\http3\qpack_integer_test.dart: QpackInteger.encode rejects invalid prefixBits
00:02 +717: test\http3\qpack_static_table_test.dart: QpackStaticTable findIndex finds name-only match
00:02 +718: test\http3\qpack_integer_test.dart: QpackInteger.encode rejects negative values
00:02 +719: test\http3\qpack_static_table_test.dart: QpackStaticTable findIndex returns null for unknown name
00:02 +720: test\http3\qpack_integer_test.dart: QpackInteger.decode decodes small single-byte values
00:02 +721: test\http3\qpack_static_table_test.dart: QpackStaticTable length matches entries count
00:02 +722: test\http3\qpack_integer_test.dart: QpackInteger.decode decodes continuation bytes
00:02 +723: test\http3\qpack_static_table_test.dart: QpackStaticTable all entries have non-empty names
00:02 +724: test\http3\qpack_static_table_test.dart: QpackStaticTable all entries have non-empty names
00:02 +725: test\http3\qpack_integer_test.dart: QpackInteger.decode different prefixBits decode correctly
00:02 +726: test\http3\qpack_integer_test.dart: QpackInteger.decode rejects invalid prefixBits
00:02 +727: test\http3\qpack_integer_test.dart: QpackInteger.decode rejects out of bounds offset
00:02 +728: test\http3\qpack_integer_test.dart: QpackInteger.decode rejects incomplete continuation
00:02 +729: test\http3\qpack_integer_test.dart: QpackInteger round-trip various values round-trip with prefixBits=5
00:02 +730: test\http3\qpack_integer_test.dart: QpackInteger round-trip various values round-trip with prefixBits=1
00:02 +731: test\http3\qpack_integer_test.dart: QpackInteger round-trip various values round-trip with prefixBits=7
00:02 +732: test\http3\qpack_integer_test.dart: QpackInteger round-trip various values round-trip with prefixBits=8
00:02 +733: test\http3\qpack_integer_test.dart: QpackInteger with instruction bits caller can merge instruction bits into first byte
00:02 +734: test\http3\qpack_string_test.dart: QpackString round-trip ASCII string
00:02 +735: test\http3\qpack_string_test.dart: QpackString round-trip Unicode string
00:02 +736: test\http3\qpack_string_test.dart: QpackString round-trip long string uses multi-byte length
00:02 +737: test\http3\qpack_string_test.dart: QpackString round-trip empty string
00:02 +738: test\http3\qpack_string_test.dart: QpackString round-trip decode with non-zero offset
00:02 +739: test\http3\qpack_string_test.dart: QpackString huffman flag huffman flag is stored in first byte
00:02 +740: test\http3\qpack_string_test.dart: QpackString huffman flag huffman flag is clear when not requested
00:02 +741: test\http3\qpack_string_test.dart: QpackString error handling rejects negative offset
00:02 +742: test\http3\qpack_string_test.dart: QpackString error handling rejects out of bounds offset
00:02 +743: test\http3\qpack_string_test.dart: QpackString error handling rejects truncated string payload
00:02 +744: test\http3\qpack_string_test.dart: QpackString error handling rejects incomplete length continuation
00:02 +745: test\http3\settings_frame_test.dart: Http3SettingsFrame serializePayload / parsePayload round-trip
00:02 +746: test\http3\settings_frame_test.dart: Http3SettingsFrame from factory sets correct IDs
00:02 +747: test\http3\settings_frame_test.dart: Http3SettingsFrame empty settings works
00:02 +748: test\http3\settings_frame_test.dart: Http3SettingsFrame multiple settings preserved
00:02 +749: test\integration\alpha4_features_test.dart: Header Protection Round-Trip LongHeader packet apply + remove produces original header
00:02 +750: test\integration\encrypted_pipeline_test.dart: Encrypted Pipeline KeyManager.deriveInitial produces valid Initial-space keys
00:02 +751: test\integration\encrypted_pipeline_test.dart: Encrypted Pipeline KeyManager.deriveInitial produces valid Initial-space keys
00:02 +752: test\integration\encrypted_pipeline_test.dart: Encrypted Pipeline KeyManager.deriveInitial produces valid Initial-space keys
00:02 +753: test\integration\encrypted_pipeline_test.dart: Encrypted Pipeline KeyManager.deriveInitial produces valid Initial-space keys
00:02 +754: test\integration\alpha4_features_test.dart: Key Transition discardKeys(PacketNumberSpace.handshake) removes Handshake keys
00:02 +755: test\integration\encrypted_pipeline_test.dart: Encrypted Pipeline buildEncryptedPacket with keys produces different bytes than plaintext
00:02 +756: test\integration\encrypted_pipeline_test.dart: Encrypted Pipeline buildEncryptedPacket with keys produces different bytes than plaintext
00:02 +757: test\integration\encrypted_pipeline_test.dart: Encrypted Pipeline buildEncryptedPacket with keys produces different bytes than plaintext
[ConnectionStateMachine] ConnectionState.idle ΓåÆ ConnectionState.handshaking: test
00:02 +758: test\integration\encrypted_pipeline_test.dart: Encrypted Pipeline buildEncryptedPacket with keys produces different bytes than plaintext
00:02 +759: test\integration\encrypted_pipeline_test.dart: Encrypted Pipeline buildEncryptedPacket with keys produces different bytes than plaintext
00:02 +760: test\integration\initial_packet_test.dart: Initial packet exchange client can build an Initial packet
00:02 +760: test\integration\alpha4_features_test.dart: Endpoint Connect endpoint.connect scaffolds a QuicConnection
[ConnectionStateMachine] ConnectionState.idle ΓåÆ ConnectionState.handshaking: Connect to InternetAddress('127.0.0.1', IPv4):12345
[ConnectionStateMachine] ConnectionState.handshaking ΓåÆ ConnectionState.closed: Abort
00:02 +761: test\integration\initial_packet_test.dart: Initial packet exchange client can build an Initial packet
00:02 +761: test\integration\encrypted_pipeline_test.dart: Encrypted Pipeline buildEncryptedPacket without keys falls back to plaintext
[ConnectionStateMachine] ConnectionState.idle ΓåÆ ConnectionState.handshaking: test
00:02 +762: test\integration\initial_packet_test.dart: Initial packet exchange client can build an Initial packet
00:02 +762: test\integration\encrypted_pipeline_test.dart: Encrypted Pipeline processEncryptedDatagram with keys dispatches CRYPTO frames
[ConnectionStateMachine] ConnectionState.idle ΓåÆ ConnectionState.handshaking: test
00:02 +763: test\integration\encrypted_pipeline_test.dart: Encrypted Pipeline processEncryptedDatagram with keys dispatches CRYPTO frames
00:02 +764: test\integration\encrypted_pipeline_test.dart: Encrypted Pipeline processEncryptedDatagram with keys dispatches STREAM frames
[ConnectionStateMachine] ConnectionState.idle ΓåÆ ConnectionState.handshaking: test
[ConnectionStateMachine] ConnectionState.handshaking ΓåÆ ConnectionState.established: test
00:02 +765: test\integration\encrypted_pipeline_test.dart: Encrypted Pipeline processEncryptedDatagram with keys dispatches STREAM frames
00:02 +766: test\integration\encrypted_pipeline_test.dart: Encrypted Pipeline processEncryptedDatagram with CONNECTION_CLOSE transitions to draining
[ConnectionStateMachine] ConnectionState.idle ΓåÆ ConnectionState.handshaking: test
[ConnectionStateMachine] ConnectionState.handshaking ΓåÆ ConnectionState.established: test
[ConnectionStateMachine] ConnectionState.established ΓåÆ ConnectionState.draining: CONNECTION_CLOSE received: 256
00:02 +767: test\integration\packet_pipeline_test.dart: Packet Pipeline buildPacket creates and tracks a sent packet
[ConnectionStateMachine] ConnectionState.idle ΓåÆ ConnectionState.handshaking: test
00:02 +768: test\integration\packet_pipeline_test.dart: Packet Pipeline processIncomingDatagram dispatches ACK frames to recovery
[ConnectionStateMachine] ConnectionState.idle ΓåÆ ConnectionState.handshaking: test
[ConnectionStateMachine] ConnectionState.handshaking ΓåÆ ConnectionState.established: test
00:02 +769: test\integration\packet_pipeline_test.dart: Packet Pipeline processIncomingDatagram dispatches CRYPTO frames to assembler
[ConnectionStateMachine] ConnectionState.idle ΓåÆ ConnectionState.handshaking: test
00:02 +770: test\integration\packet_pipeline_test.dart: Packet Pipeline processIncomingDatagram dispatches STREAM frames to StreamManager
[ConnectionStateMachine] ConnectionState.idle ΓåÆ ConnectionState.handshaking: test
[ConnectionStateMachine] ConnectionState.handshaking ΓåÆ ConnectionState.established: test
00:02 +771: test\integration\packet_pipeline_test.dart: Packet Pipeline processIncomingDatagram transitions to draining on CONNECTION_CLOSE
[ConnectionStateMachine] ConnectionState.idle ΓåÆ ConnectionState.handshaking: test
[ConnectionStateMachine] ConnectionState.handshaking ΓåÆ ConnectionState.established: test
[ConnectionStateMachine] ConnectionState.established ΓåÆ ConnectionState.draining: CONNECTION_CLOSE received: 256
00:02 +772: test\integration\packet_pipeline_test.dart: Packet Pipeline processIncomingDatagram coalesced packets are processed separately
[ConnectionStateMachine] ConnectionState.idle ΓåÆ ConnectionState.handshaking: test
00:02 +773: test\integration\packet_pipeline_test.dart: Packet Pipeline buildPacket respects anti-amplification before validation
00:02 +774: test\integration\v020_features_test.dart: TLS Key Exchange HandshakeKeyExchange.generateEphemeralKeys produces key pair
00:02 +775: test\integration\v020_features_test.dart: TLS Key Exchange HandshakeKeyExchange.generateEphemeralKeys produces key pair
00:02 +776: test\integration\v040_features_test.dart: Connection ID rotation generateNewConnectionIdFrame returns a NewConnectionIdFrame
00:02 +777: test\integration\v040_features_test.dart: Connection ID rotation generateNewConnectionIdFrame returns a NewConnectionIdFrame
00:02 +778: test\integration\v040_features_test.dart: Connection ID rotation generateNewConnectionIdFrame returns a NewConnectionIdFrame
00:02 +779: test\integration\v040_features_test.dart: Connection ID rotation generateNewConnectionIdFrame returns a NewConnectionIdFrame
00:02 +780: test\integration\v030_features_test.dart: HTTP/3 Body Streaming Http3Connection.sendBody + getBody streams data
00:02 +781: test\integration\v020_features_test.dart: TLS Key Exchange deriveTrafficSecrets produces distinct client/server secrets
00:02 +782: test\integration\v020_features_test.dart: TLS Key Exchange deriveTrafficSecrets produces distinct client/server secrets
00:02 +783: test\integration\v020_features_test.dart: TLS Key Exchange deriveTrafficSecrets produces distinct client/server secrets
00:02 +784: test\integration\v020_features_test.dart: TLS Key Exchange deriveTrafficSecrets produces distinct client/server secrets
00:02 +785: test\integration\v020_features_test.dart: TLS Key Exchange deriveTrafficSecrets produces distinct client/server secrets
00:02 +786: test\integration\v040_features_test.dart: Certificate chain verifyCertificateChain returns true for empty chain
00:02 +787: test\integration\v020_features_test.dart: HTTP/3 Request/Response Http3Request encode ΓåÆ decode round-trip for a GET request
00:02 +788: test\integration\v020_features_test.dart: HTTP/3 Request/Response Http3Response encode ΓåÆ decode round-trip for a 200 OK
00:02 +789: test\integration\v020_features_test.dart: HTTP/3 Request/Response Http3Connection.getResponse returns response after receiving HEADERS frame
00:02 +790: test\integration\v020_features_test.dart: WebTransport Datagrams DatagramCapsule serialize ΓåÆ parse round-trip
00:02 +791: test\integration\v020_features_test.dart: WebTransport Datagrams WebTransportSession accumulates received datagrams
00:02 +792: test\integration\v020_features_test.dart: WebTransport Datagrams sendDatagram produces capsule with type 0x00
00:02 +793: test\integration\v020_features_test.dart: Connection Migration QuicConnection processes PATH_CHALLENGE and generates challenge
[ConnectionStateMachine] ConnectionState.idle ΓåÆ ConnectionState.handshaking: test
[ConnectionStateMachine] ConnectionState.handshaking ΓåÆ ConnectionState.established: test
00:02 +794: test\integration\v020_features_test.dart: Connection Migration QuicConnection processes PATH_RESPONSE and validates path
[ConnectionStateMachine] ConnectionState.idle ΓåÆ ConnectionState.handshaking: test
[ConnectionStateMachine] ConnectionState.handshaking ΓåÆ ConnectionState.established: test
00:02 +795: test\integration\v020_features_test.dart: Connection Migration isPathValidated returns true after challenge/response pair
[ConnectionStateMachine] ConnectionState.idle ΓåÆ ConnectionState.handshaking: test
[ConnectionStateMachine] ConnectionState.handshaking ΓåÆ ConnectionState.established: test
00:02 +796: test\integration\v050_features_test.dart: QuicConnection MAX_DATA receives MAX_DATA and updates connection flow controller
00:02 +797: test\integration\v050_features_test.dart: QuicConnection MAX_STREAM_DATA stream manager updates send window on MaxStreamDataFrame
00:02 +798: test\integration\v050_features_test.dart: Http3Connection.sendSettings returns a valid Http3SettingsFrame without throwing
00:02 +799: test\integration\v050_features_test.dart: PeerId Base58 encodeBase58 / decodeBase58 round-trip
00:02 +800: test\integration\v050_features_test.dart: ConnectionIdManager retirePriorTo issueNewId with retirePriorTo retires older CIDs
00:02 +801: test\integration\v050_features_test.dart: SentPacketTracker tracks acked packets and removes them from unacked
00:02 +802: test\integration\v050_features_test.dart: LossDetector reports loss time after packet sent and ack
00:02 +803: test\integration\v100_features_test.dart: QuicVersions.isSupported v1 is supported
00:02 +804: test\integration\v100_features_test.dart: QuicVersions.isSupported v2 is supported
00:02 +805: test\integration\v100_features_test.dart: VersionNegotiationPacket supported versions includes v2 in supported versions list
00:02 +806: test\io\quic_endpoint_connect_test.dart: QuicEndpoint.connect connect creates a QuicConnection in handshaking state
00:02 +807: test\io\quic_endpoint_connect_test.dart: QuicEndpoint.connect connect creates a QuicConnection in handshaking state
00:02 +808: test\io\quic_endpoint_connect_test.dart: QuicEndpoint.connect connect creates a QuicConnection in handshaking state
00:02 +809: test\io\quic_endpoint_connect_test.dart: QuicEndpoint.connect connect creates a QuicConnection in handshaking state
00:02 +810: test\io\quic_endpoint_connect_test.dart: QuicEndpoint.connect connect creates a QuicConnection in handshaking state
00:02 +811: test\io\quic_endpoint_connect_test.dart: QuicEndpoint.connect connect creates a QuicConnection in handshaking state
[ConnectionStateMachine] ConnectionState.idle ΓåÆ ConnectionState.handshaking: Connect to InternetAddress('127.0.0.1', IPv4):12345
[ConnectionStateMachine] ConnectionState.handshaking ΓåÆ ConnectionState.closed: Abort
00:02 +812: test\integration\v100_features_test.dart: HandshakeCoordinator generates keys generateKeys produces ephemeral keys
00:02 +812: test\io\quic_endpoint_connect_test.dart: QuicEndpoint.connect connect adds connection to activeConnections
[ConnectionStateMachine] ConnectionState.idle ΓåÆ ConnectionState.handshaking: Connect to InternetAddress('127.0.0.1', IPv4):12345
[ConnectionStateMachine] ConnectionState.handshaking ΓåÆ ConnectionState.closed: Abort
00:02 +813: test\integration\v100_features_test.dart: HandshakeCoordinator generates keys generateKeys produces ephemeral keys
00:02 +814: test\integration\v100_features_test.dart: HandshakeCoordinator generates keys generateKeys produces ephemeral keys
00:02 +815: test\integration\v100_features_test.dart: HandshakeCoordinator generates keys generateKeys produces ephemeral keys
00:02 +816: test\integration\v100_features_test.dart: HandshakeCoordinator generates keys generateKeys produces ephemeral keys
00:02 +817: test\integration\v100_features_test.dart: HandshakeCoordinator generates keys generateKeys produces ephemeral keys
00:02 +818: test\io\quic_endpoint_test.dart: QuicEndpoint close disposes resources
00:02 +819: test\integration\v100_features_test.dart: QuicConnection.probeNewPath generates a PATH_CHALLENGE packet
00:02 +820: test\integration\v100_features_test.dart: PacketReceiver v2 scaffold processes a v2 Initial packet the same way as v1
00:02 +821: test\io\udp_socket_test.dart: UdpSocket bind creates a socket on a port
00:02 +822: test\io\udp_socket_test.dart: UdpSocket send/receive round-trip
00:02 +823: test\io\udp_socket_test.dart: UdpSocket close stops the socket
00:02 +824: test\libp2p\dcutr_full_handshake_test.dart: DCUtR full client-server handshake with Retry Initial -> Retry -> Initial with token packet flow
00:02 +825: test\libp2p\dcutr_nat_traversal_test.dart: DCUtR NAT hole punching with real endpoints two peers complete handshake within 5 seconds
00:02 +826: test\libp2p\dcutr_nat_traversal_test.dart: DCUtR NAT hole punching with real endpoints two peers complete handshake within 5 seconds
00:02 +827: test\libp2p\dcutr_nat_traversal_test.dart: DCUtR NAT hole punching with real endpoints two peers complete handshake within 5 seconds
00:02 +828: test\libp2p\dcutr_nat_traversal_test.dart: DCUtR NAT hole punching with real endpoints two peers complete handshake within 5 seconds
00:02 +829: test\libp2p\dcutr_nat_traversal_test.dart: DCUtR NAT hole punching with real endpoints two peers complete handshake within 5 seconds
00:02 +830: test\libp2p\dcutr_nat_traversal_test.dart: DCUtR NAT hole punching with real endpoints two peers complete handshake within 5 seconds
00:02 +831: test\libp2p\dcutr_nat_traversal_test.dart: DCUtR NAT hole punching with real endpoints two peers complete handshake within 5 seconds
00:02 +832: test\libp2p\dcutr_nat_traversal_test.dart: DCUtR NAT hole punching with real endpoints two peers complete handshake within 5 seconds
00:02 +833: test\libp2p\dcutr_nat_traversal_test.dart: DCUtR NAT hole punching with real endpoints two peers complete handshake within 5 seconds
00:02 +834: test\libp2p\dcutr_nat_traversal_test.dart: DCUtR NAT hole punching with real endpoints two peers complete handshake within 5 seconds
00:02 +835: test\libp2p\dcutr_nat_traversal_test.dart: DCUtR NAT hole punching with real endpoints two peers complete handshake within 5 seconds
00:02 +836: test\libp2p\dcutr_nat_traversal_test.dart: DCUtR NAT hole punching with real endpoints two peers complete handshake within 5 seconds
00:02 +837: test\libp2p\dcutr_nat_traversal_test.dart: DCUtR NAT hole punching with real endpoints two peers complete handshake within 5 seconds
00:02 +838: test\libp2p\dcutr_nat_traversal_test.dart: DCUtR NAT hole punching with real endpoints two peers complete handshake within 5 seconds
00:02 +839: test\libp2p\dcutr_nat_traversal_test.dart: DCUtR NAT hole punching with real endpoints two peers complete handshake within 5 seconds
00:02 +840: test\libp2p\dcutr_nat_traversal_test.dart: DCUtR NAT hole punching with real endpoints two peers complete handshake within 5 seconds
00:02 +841: test\libp2p\dcutr_nat_traversal_test.dart: DCUtR NAT hole punching with real endpoints two peers complete handshake within 5 seconds
00:02 +842: test\libp2p\dcutr_nat_traversal_test.dart: DCUtR NAT hole punching with real endpoints two peers complete handshake within 5 seconds
00:02 +843: test\libp2p\dcutr_nat_traversal_test.dart: DCUtR NAT hole punching with real endpoints two peers complete handshake within 5 seconds
00:02 +844: test\libp2p\dcutr_nat_traversal_test.dart: DCUtR NAT hole punching with real endpoints two peers complete handshake within 5 seconds
00:02 +845: test\libp2p\dcutr_nat_traversal_test.dart: DCUtR NAT hole punching with real endpoints two peers complete handshake within 5 seconds
00:02 +846: test\libp2p\dcutr_nat_traversal_test.dart: DCUtR NAT hole punching with real endpoints two peers complete handshake within 5 seconds
00:02 +847: test\libp2p\dcutr_nat_traversal_test.dart: DCUtR NAT hole punching with real endpoints two peers complete handshake within 5 seconds
00:02 +848: test\libp2p\dcutr_udp_coordinator_test.dart: DCUtRUdpCoordinator can send a CONNECT message with magic prefix
00:02 +849: test\libp2p\deep_coverage_test.dart: Multiaddr deep coverage parse /ip6/::1/udp/1234/quic-v1
00:02 +850: test\libp2p\multiaddr_test.dart: Multiaddr parse from human-readable string
00:02 +851: test\libp2p\multiaddr_test.dart: Multiaddr parse from human-readable string
00:02 +852: test\libp2p\multiaddr_test.dart: Multiaddr parse from human-readable string
00:02 +853: test\libp2p\multiaddr_test.dart: Multiaddr parse from human-readable string
00:02 +854: test\libp2p\multiaddr_test.dart: Multiaddr parse from human-readable string
00:02 +855: test\libp2p\multiaddr_test.dart: Multiaddr parse from human-readable string
00:02 +856: test\libp2p\dcutr_udp_coordinator_test.dart: DCUtRUdpCoordinator parses incoming SYNC and transitions state machine
00:02 +857: test\libp2p\dcutr_udp_coordinator_test.dart: DCUtRUdpCoordinator parses incoming SYNC and transitions state machine
00:02 +858: test\libp2p\dcutr_udp_coordinator_test.dart: DCUtRUdpCoordinator parses incoming SYNC and transitions state machine
00:02 +859: test\libp2p\dcutr_udp_coordinator_test.dart: DCUtRUdpCoordinator parses incoming SYNC and transitions state machine
00:02 +860: test\libp2p\dcutr_udp_coordinator_test.dart: DCUtRUdpCoordinator parses incoming SYNC and transitions state machine
00:02 +861: test\libp2p\dcutr_udp_coordinator_test.dart: DCUtRUdpCoordinator parses incoming SYNC and transitions state machine
00:02 +862: test\libp2p\dcutr_udp_coordinator_test.dart: DCUtRUdpCoordinator parses incoming SYNC and transitions state machine
00:02 +863: test\libp2p\dcutr_udp_coordinator_test.dart: DCUtRUdpCoordinator parses incoming SYNC and transitions state machine
00:02 +864: test\libp2p\dcutr_udp_coordinator_test.dart: DCUtRUdpCoordinator parses incoming SYNC and transitions state machine
00:02 +865: test\libp2p\dcutr_udp_coordinator_test.dart: DCUtRUdpCoordinator parses incoming SYNC and transitions state machine
00:02 +866: test\libp2p\dcutr_udp_coordinator_test.dart: DCUtRUdpCoordinator parses incoming SYNC and transitions state machine
00:02 +867: test\libp2p\dcutr_udp_coordinator_test.dart: DCUtRUdpCoordinator parses incoming SYNC and transitions state machine
00:02 +868: test\libp2p\dcutr_udp_coordinator_test.dart: DCUtRUdpCoordinator parses incoming SYNC and transitions state machine
00:02 +869: test\libp2p\dcutr_udp_coordinator_test.dart: DCUtRUdpCoordinator parses incoming SYNC and transitions state machine
00:02 +870: test\libp2p\dcutr_udp_coordinator_test.dart: DCUtRUdpCoordinator parses incoming SYNC and transitions state machine
00:02 +871: test\libp2p\dcutr_udp_coordinator_test.dart: DCUtRUdpCoordinator parses incoming SYNC and transitions state machine
00:02 +872: test\libp2p\dcutr_udp_coordinator_test.dart: DCUtRUdpCoordinator parses incoming SYNC and transitions state machine
00:02 +873: test\libp2p\dcutr_udp_coordinator_test.dart: DCUtRUdpCoordinator parses incoming SYNC and transitions state machine
00:02 +874: test\libp2p\dcutr_udp_coordinator_test.dart: DCUtRUdpCoordinator parses incoming SYNC and transitions state machine
00:02 +875: test\libp2p\dcutr_udp_coordinator_test.dart: DCUtRUdpCoordinator parses incoming SYNC and transitions state machine
00:02 +876: test\libp2p\dcutr_udp_coordinator_test.dart: DCUtRUdpCoordinator parses incoming SYNC and transitions state machine
00:02 +877: test\libp2p\dcutr_udp_coordinator_test.dart: DCUtRUdpCoordinator parses incoming SYNC and transitions state machine
00:02 +878: test\libp2p\dcutr_udp_coordinator_test.dart: DCUtRUdpCoordinator parses incoming SYNC and transitions state machine
00:02 +879: test\libp2p\dcutr_udp_coordinator_test.dart: DCUtRUdpCoordinator parses incoming SYNC and transitions state machine
00:02 +880: test\libp2p\dcutr_udp_coordinator_test.dart: DCUtRUdpCoordinator parses incoming SYNC and transitions state machine
00:02 +881: test\libp2p\dcutr_udp_coordinator_test.dart: DCUtRUdpCoordinator parses incoming SYNC and transitions state machine
00:02 +882: test\libp2p\dcutr_udp_coordinator_test.dart: DCUtRUdpCoordinator parses incoming SYNC and transitions state machine
00:02 +883: test\libp2p\dcutr_udp_coordinator_test.dart: DCUtRUdpCoordinator parses incoming SYNC and transitions state machine
00:02 +884: test\libp2p\dcutr_udp_coordinator_test.dart: DCUtRUdpCoordinator parses incoming SYNC and transitions state machine
00:02 +885: test\libp2p\dcutr_udp_coordinator_test.dart: DCUtRUdpCoordinator parses incoming SYNC and transitions state machine
00:02 +886: test\libp2p\dcutr_udp_coordinator_test.dart: DCUtRUdpCoordinator parses incoming SYNC and transitions state machine
00:02 +886 -1: test\libp2p\dcutr_udp_coordinator_test.dart: DCUtRUdpCoordinator parses incoming SYNC and transitions state machine
00:02 +886 -1: test\libp2p\deep_coverage_test.dart: PeerId deep coverage fromBase58 throws UnimplementedError [E]
  Expected: throws <Instance of 'UnimplementedError'>
    Actual: <Closure: () => PeerId>
     Which: returned PeerId:<>
  
  package:matcher                            expect
  test\libp2p\deep_coverage_test.dart 222:7  main.<fn>.<fn>
  
00:02 +887 -1: test\libp2p\peer_id_encoding_test.dart: PeerId encoding Base58 round-trip for known values
00:02 +887 -2: test\libp2p\peer_id_encoding_test.dart: PeerId encoding Base58 round-trip for known values
00:02 +887 -2: test\libp2p\deep_coverage_test.dart: PeerId deep coverage toBase58 throws UnimplementedError [E]
  Expected: throws <Instance of 'UnimplementedError'>
    Actual: <Closure: () => String>
     Which: returned 'Ldp'
  
  package:matcher                            expect
  test\libp2p\deep_coverage_test.dart 230:7  main.<fn>.<fn>
  
00:02 +887 -3: test\libp2p\peer_id_encoding_test.dart: PeerId encoding Base58 round-trip for known values
00:02 +887 -3: test\libp2p\deep_coverage_test.dart: PeerId deep coverage toBase36 throws UnimplementedError [E]
  Expected: throws <Instance of 'UnimplementedError'>
    Actual: <Closure: () => String>
     Which: returned '1eyr'
  
  package:matcher                            expect
  test\libp2p\deep_coverage_test.dart 238:7  main.<fn>.<fn>
  
00:02 +888 -3: test\libp2p\peer_id_encoding_test.dart: PeerId encoding Base58 round-trip for known values
00:02 +889 -3: test\libp2p\peer_id_encoding_test.dart: PeerId encoding Base58 round-trip for known values
00:02 +890 -3: test\libp2p\dcutr_udp_coordinator_test.dart: DCUtRUdpCoordinator isConnected returns true after full handshake
00:02 +891 -3: test\libp2p\dcutr_udp_coordinator_test.dart: DCUtRUdpCoordinator isConnected returns true after full handshake
00:02 +892 -3: test\libp2p\dcutr_udp_coordinator_test.dart: DCUtRUdpCoordinator isConnected returns true after full handshake
00:02 +893 -3: test\libp2p\dcutr_udp_coordinator_test.dart: DCUtRUdpCoordinator isConnected returns true after full handshake
00:02 +894 -3: test\libp2p\dcutr_udp_coordinator_test.dart: DCUtRUdpCoordinator isConnected returns true after full handshake
00:02 +895 -3: test\libp2p\dcutr_udp_coordinator_test.dart: DCUtRUdpCoordinator isConnected returns true after full handshake
00:03 +896 -3: test\libp2p\dcutr_udp_coordinator_test.dart: DCUtRUdpCoordinator isConnected returns true after full handshake
00:03 +897 -3: test\libp2p\dcutr_udp_coordinator_test.dart: DCUtRUdpCoordinator isConnected returns true after full handshake
00:03 +898 -3: test\libp2p\dcutr_udp_coordinator_test.dart: DCUtRUdpCoordinator isConnected returns true after full handshake
00:03 +899 -3: test\libp2p\dcutr_udp_coordinator_test.dart: DCUtRUdpCoordinator isConnected returns true after full handshake
00:03 +900 -3: test\libp2p\dcutr_udp_coordinator_test.dart: DCUtRUdpCoordinator isConnected returns true after full handshake
00:03 +901 -3: test\libp2p\dcutr_udp_coordinator_test.dart: DCUtRUdpCoordinator isConnected returns true after full handshake
00:03 +902 -3: test\recovery\ack_generator_test.dart: AckGenerator onPacketReceived updates largestAcked
00:03 +903 -3: test\recovery\ack_generator_test.dart: AckGenerator buildAckFrame contains correct largestAcked
00:03 +904 -3: test\recovery\ack_generator_test.dart: AckGenerator reset clears state
00:03 +905 -3: test\recovery\congestion_controller_test.dart: CongestionController initial cwnd is 2400
00:03 +906 -3: test\recovery\congestion_controller_test.dart: CongestionController slow start doubles cwnd on ack
00:03 +907 -3: test\recovery\congestion_controller_test.dart: CongestionController congestion avoidance grows linearly
00:03 +908 -3: test\recovery\congestion_controller_test.dart: CongestionController congestion event halves cwnd
00:03 +909 -3: test\recovery\congestion_controller_test.dart: CongestionController second congestion event does not reduce cwnd again
00:03 +910 -3: test\recovery\congestion_controller_test.dart: CongestionController canSend respects cwnd
00:03 +911 -3: test\recovery\congestion_controller_test.dart: CongestionController reset restores defaults
00:03 +912 -3: test\recovery\congestion_controller_test.dart: CongestionController no cwnd growth while in recovery
00:03 +913 -3: test\recovery\congestion_controller_test.dart: CongestionController bytes in flight does not go negative
00:03 +914 -3: test\recovery\loss_detector_test.dart: LossDetector packet threshold at exactly gap = 3
00:03 +915 -3: test\recovery\pacing_calculator_test.dart: PacingCalculator default pacing interval calculation
00:03 +916 -3: test\recovery\pacing_calculator_test.dart: PacingCalculator default pacing interval calculation
00:03 +917 -3: test\recovery\pacing_calculator_test.dart: PacingCalculator default pacing interval calculation
00:03 +918 -3: test\recovery\pacing_calculator_test.dart: PacingCalculator default pacing interval calculation
00:03 +919 -3: test\recovery\pacing_calculator_test.dart: PacingCalculator default pacing interval calculation
00:03 +920 -3: test\recovery\pacing_calculator_test.dart: PacingCalculator larger cwnd reduces interval
00:03 +921 -3: test\recovery\pacing_calculator_test.dart: PacingCalculator shouldPace true when cwnd > 2*packet_size
00:03 +922 -3: test\recovery\pacing_calculator_test.dart: PacingCalculator updateRtt changes interval
00:03 +923 -3: test\recovery\pacing_calculator_test.dart: PacingCalculator reset restores defaults
00:03 +924 -3: test\recovery\pacing_integration_test.dart: PacingCalculator computes correct interval
00:03 +925 -3: test\recovery\pacing_integration_test.dart: QuicConnection pacing integration shouldPacePackets is true when cwnd > 2*packetSize
00:03 +926 -3: test\recovery\pacing_integration_test.dart: QuicConnection pacing integration pacingDelayUs returns value when cwnd is large
00:03 +927 -3: test\recovery\packet_number_space_test.dart: PacketNumberSpaceManager initial packet numbers are 0
00:03 +928 -3: test\recovery\packet_number_space_test.dart: PacketNumberSpaceManager allocate increments per space
00:03 +929 -3: test\recovery\packet_number_space_test.dart: PacketNumberSpaceManager allocate independent across spaces
00:03 +930 -3: test\recovery\packet_number_space_test.dart: PacketNumberSpaceManager onAck updates largestAcked
00:03 +931 -3: test\recovery\packet_number_space_test.dart: PacketNumberSpaceManager onReceived updates largestReceived and rejects replays
00:03 +932 -3: test\recovery\packet_number_space_test.dart: PacketNumberSpaceManager reset clears a space
00:03 +933 -3: test\recovery\packet_number_space_test.dart: PacketNumberSpaceManager resetAll clears all spaces
00:03 +934 -3: test\recovery\pto_scheduler_test.dart: PtoScheduler initial PTO matches rttEstimator.getPtoDuration()
00:03 +935 -3: test\recovery\pto_scheduler_test.dart: PtoScheduler after firing, PTO doubles
00:03 +936 -3: test\recovery\rtt_estimator_test.dart: RttEstimator initial values match RFC defaults
00:03 +937 -3: test\recovery\rtt_estimator_test.dart: RttEstimator initial values match RFC defaults
00:03 +938 -3: test\recovery\rtt_estimator_test.dart: RttEstimator initial values match RFC defaults
00:03 +939 -3: test\recovery\rtt_estimator_test.dart: RttEstimator initial values match RFC defaults
00:03 +940 -3: test\recovery\rtt_estimator_test.dart: RttEstimator first sample sets smoothed_rtt and rttvar correctly
00:03 +941 -3: test\recovery\rtt_estimator_test.dart: RttEstimator subsequent samples use EWMA correctly
00:03 +942 -3: test\recovery\rtt_estimator_test.dart: RttEstimator min_rtt never increases
00:03 +943 -3: test\recovery\rtt_estimator_test.dart: RttEstimator ack_delay is not subtracted when sample equals min_rtt
00:03 +944 -3: test\recovery\rtt_estimator_test.dart: RttEstimator PTO duration formula correctness
00:03 +945 -3: test\recovery\rtt_estimator_test.dart: RttEstimator reset() restores initial values
00:03 +946 -3: test\recovery\sent_packet_tracker_test.dart: SentPacketTracker tracks sent packets
00:03 +947 -3: test\recovery\sent_packet_tracker_test.dart: SentPacketTracker ACK removes tracked packets
00:03 +948 -3: test\recovery\sent_packet_tracker_test.dart: SentPacketTracker largestAcked tracked
00:03 +949 -3: test\recovery\sent_packet_tracker_test.dart: SentPacketTracker proper ACK range parsing removes only ranged packets
00:03 +950 -3: test\recovery\sent_packet_tracker_test.dart: SentPacketTracker reset clears state
00:03 +951 -3: test\security\anti_amplification_limit_test.dart: AntiAmplificationLimit canSend returns false initially when no bytes received
00:03 +952 -3: test\security\anti_amplification_limit_test.dart: AntiAmplificationLimit budget increases after receiving bytes
00:03 +953 -3: test\security\anti_amplification_limit_test.dart: AntiAmplificationLimit budget decreases after sending bytes
00:03 +954 -3: test\security\anti_amplification_limit_test.dart: AntiAmplificationLimit validateAddress removes the limit
00:03 +955 -3: test\security\anti_amplification_limit_test.dart: AntiAmplificationLimit reset clears all state
00:03 +956 -3: test\security\anti_amplification_limit_test.dart: AntiAmplificationLimit rejects negative byte counts
00:03 +957 -3: test\security\anti_amplification_limit_test.dart: AntiAmplificationLimit budget never drops below zero
00:03 +958 -3: test\security\final_hardening_test.dart: FlowController maxWindow boundary updateLimit clamps to maxWindow when peer advertises more
00:03 +959 -3: test\security\final_hardening_test.dart: FlowController maxWindow boundary updateLimit at exactly maxWindow is accepted
00:03 +960 -3: test\security\final_hardening_test.dart: FlowController maxWindow boundary shouldUpdateWindow caps next limit at maxWindow
00:03 +961 -3: test\security\final_hardening_test.dart: FlowController maxWindow boundary consume up to maxWindow then isBlocked
00:03 +962 -3: test\security\final_hardening_test.dart: ConnectionIdManager maxActiveIds enforcement issueNewId throws at exactly maxActiveIds + 1
00:03 +963 -3: test\security\final_hardening_test.dart: ConnectionIdManager maxActiveIds enforcement registerId throws at exactly maxActiveIds + 1
00:03 +964 -3: test\security\final_hardening_test.dart: ConnectionIdManager maxActiveIds enforcement retiring frees capacity for issueNewId
00:03 +965 -3: test\security\final_hardening_test.dart: ConnectionIdManager maxActiveIds enforcement issueNewId with retirePriorTo respects maxActiveIds
00:03 +966 -3: test\security\final_hardening_test.dart: AntiAmplificationLimit exact budget edge cases budget exactly at 3x received minus sent
00:03 +967 -3: test\security\final_hardening_test.dart: AntiAmplificationLimit exact budget edge cases 1 byte over exact budget is denied
00:03 +968 -3: test\security\fuzz_chaos_test.dart: Multiaddr fuzz random strings do not crash parser
00:03 +969 -3: test\security\fuzz_chaos_test.dart: Multiaddr fuzz random strings do not crash parser
00:03 +970 -3: test\security\fuzz_chaos_test.dart: Multiaddr fuzz random strings do not crash parser
00:03 +971 -3: test\security\fuzz_chaos_test.dart: Multiaddr fuzz random strings do not crash parser
00:03 +972 -3: test\security\fuzz_chaos_test.dart: Multiaddr fuzz random strings do not crash parser
00:03 +973 -3: test\security\fuzz_chaos_test.dart: Multiaddr fuzz random strings do not crash parser
00:03 +974 -3: test\security\fuzz_chaos_test.dart: Multiaddr fuzz random strings do not crash parser
00:03 +975 -3: test\security\fuzz_chaos_test.dart: Multiaddr fuzz random strings do not crash parser
00:03 +976 -3: test\security\fuzz_chaos_test.dart: Multiaddr fuzz random bytes do not crash binary parser
00:03 +977 -3: test\security\hardening_test.dart: ConnectionStateMachine hardening valid transitions are enforced
00:03 +978 -3: test\security\hardening_test.dart: ConnectionStateMachine hardening valid transitions are enforced
00:03 +979 -3: test\security\hardening_test.dart: ConnectionStateMachine hardening valid transitions are enforced
00:03 +980 -3: test\security\hardening_test.dart: ConnectionStateMachine hardening valid transitions are enforced
00:03 +981 -3: test\security\hardening_test.dart: ConnectionStateMachine hardening valid transitions are enforced
00:03 +982 -3: test\security\hardening_test.dart: ConnectionStateMachine hardening valid transitions are enforced
00:03 +983 -3: test\security\hardening_test.dart: ConnectionStateMachine hardening valid transitions are enforced
00:03 +984 -3: test\security\rate_limiter_test.dart: RateLimiter allows calls within limit
00:03 +985 -3: test\security\rate_limiter_test.dart: RateLimiter allows calls within limit
00:03 +986 -3: test\security\rate_limiter_test.dart: RateLimiter allows calls within limit
00:03 +987 -3: test\security\rate_limiter_test.dart: RateLimiter allows calls within limit
00:03 +988 -3: test\security\rate_limiter_test.dart: RateLimiter allows calls within limit
00:03 +989 -3: test\security\rate_limiter_test.dart: RateLimiter allows calls within limit
00:03 +990 -3: test\security\fuzz_chaos_test.dart: PeerId fuzz hashCode is stable and does not throw
00:03 +991 -3: test\security\hardening_test.dart: ConnectionIdManager hardening maxActiveIds limit is enforced
00:03 +992 -3: test\security\hardening_test.dart: ConnectionIdManager hardening maxActiveIds limit is enforced
00:03 +993 -3: test\security\hardening_test.dart: ConnectionIdManager hardening maxActiveIds limit is enforced
00:03 +994 -3: test\security\fuzz_chaos_test.dart: DCUtR fuzz random bytes do not crash parser
00:03 +995 -3: test\security\rate_limiter_test.dart: RateLimiter checkOrThrow throws on rejection
00:03 +996 -3: test\security\rate_limiter_test.dart: RateLimiter checkOrThrow throws on rejection
00:03 +997 -3: test\security\hardening_test.dart: ConnectionIdManager hardening retired CIDs accumulate without bound ΓÇö documents missing limit
00:03 +998 -3: test\security\hardening_test.dart: ConnectionIdManager hardening retired CIDs accumulate without bound ΓÇö documents missing limit
00:03 +999 -3: test\security\hardening_test.dart: ConnectionIdManager hardening retired CIDs accumulate without bound ΓÇö documents missing limit
00:03 +1000 -3: test\security\hardening_test.dart: ConnectionIdManager hardening retired CIDs accumulate without bound ΓÇö documents missing limit
00:03 +1001 -3: test\security\hardening_test.dart: ConnectionIdManager hardening retired CIDs accumulate without bound ΓÇö documents missing limit
00:03 +1002 -3: test\security\hardening_test.dart: ConnectionIdManager hardening retired CIDs accumulate without bound ΓÇö documents missing limit
00:03 +1003 -3: test\security\fuzz_chaos_test.dart: QPACK fuzz random strings encode without crash
00:03 +1004 -3: test\security\fuzz_chaos_test.dart: QPACK fuzz random strings encode without crash
00:03 +1005 -3: test\security\hardening_test.dart: ConnectionRegistry hardening registry rejects registrations beyond max limit
00:03 +1006 -3: test\security\hardening_test.dart: ConnectionRegistry hardening registry rejects registrations beyond max limit
00:03 +1007 -3: test\security\hardening_test.dart: ConnectionRegistry hardening registry rejects registrations beyond max limit
00:03 +1008 -3: test\security\hardening_test.dart: ConnectionRegistry hardening registry rejects registrations beyond max limit
00:03 +1009 -3: test\security\hardening_test.dart: ConnectionRegistry hardening registry rejects registrations beyond max limit
00:03 +1010 -3: test\security\hardening_test.dart: ConnectionRegistry hardening registry rejects registrations beyond max limit
00:03 +1011 -3: test\security\hardening_test.dart: ConnectionRegistry hardening registry rejects registrations beyond max limit
00:03 +1012 -3: test\security\hardening_test.dart: ConnectionRegistry hardening registry rejects registrations beyond max limit
00:03 +1013 -3: test\security\hardening_test.dart: ConnectionRegistry hardening registry rejects registrations beyond max limit
00:03 +1014 -3: test\security\hardening_test.dart: ConnectionRegistry hardening registry rejects registrations beyond max limit
00:03 +1015 -3: test\security\hardening_test.dart: ConnectionRegistry hardening registry rejects registrations beyond max limit
00:03 +1016 -3: test\security\hardening_test.dart: ConnectionRegistry hardening registry rejects registrations beyond max limit
00:03 +1017 -3: test\security\hardening_test.dart: ConnectionRegistry hardening registry rejects registrations beyond max limit
00:03 +1018 -3: test\security\hardening_test.dart: ConnectionRegistry hardening registry rejects registrations beyond max limit
00:03 +1019 -3: test\security\hardening_test.dart: ConnectionRegistry hardening registry rejects registrations beyond max limit
00:03 +1020 -3: test\security\hardening_test.dart: ConnectionRegistry hardening registry rejects registrations beyond max limit
00:03 +1021 -3: test\security\hardening_test.dart: ConnectionRegistry hardening registry rejects registrations beyond max limit
00:03 +1022 -3: test\security\hardening_test.dart: ConnectionRegistry hardening registry rejects registrations beyond max limit
00:03 +1023 -3: test\security\hardening_test.dart: ConnectionRegistry hardening registry rejects registrations beyond max limit
00:03 +1024 -3: test\security\hardening_test.dart: ConnectionRegistry hardening registry rejects registrations beyond max limit
00:03 +1025 -3: test\security\fuzz_chaos_test.dart: RttEstimator fuzz extreme RTT values do not crash
00:03 +1026 -3: test\security\hardening_test.dart: ConnectionRegistry hardening registry rejects CIDs outside valid length range
00:03 +1027 -3: test\security\fuzz_chaos_test.dart: RttEstimator fuzz PTO duration is non-negative
00:03 +1028 -3: test\security\hardening_test.dart: MigrationHelper hardening pending challenges are capped and oldest evicted
00:03 +1029 -3: test\security\hardening_test.dart: MigrationHelper hardening pending challenges are capped and oldest evicted
00:03 +1030 -3: test\security\fuzz_chaos_test.dart: CongestionController fuzz extreme ACK values do not crash or produce negative in-flight
00:03 +1031 -3: test\security\hardening_test.dart: MigrationHelper hardening path validation requires correct challenge response
00:03 +1032 -3: test\security\hardening_test.dart: MigrationHelper hardening path validation requires correct challenge response
00:03 +1033 -3: test\security\fuzz_chaos_test.dart: CongestionController fuzz congestion event reduces cwnd but not below minimum
00:03 +1034 -3: test\security\hardening_test.dart: MigrationHelper hardening wrong challenge response is rejected
00:03 +1035 -3: test\security\fuzz_chaos_test.dart: CongestionController fuzz canSend is consistent with state
00:03 +1036 -3: test\security\hardening_test.dart: StreamId hardening maxStreamId limit is enforced
00:03 +1037 -3: test\security\fuzz_chaos_test.dart: PtoScheduler fuzz PTO count growth is bounded (DoS probe)
00:03 +1038 -3: test\security\hardening_test.dart: StreamId hardening no per-connection stream rate limit exists
00:03 +1039 -3: test\security\fuzz_chaos_test.dart: PtoScheduler fuzz isExpired with random times does not crash
00:03 +1040 -3: test\security\hardening_test.dart: SendStateMachine hardening state transitions cannot be bypassed
00:03 +1041 -3: test\security\hardening_test.dart: SendStateMachine hardening state transitions cannot be bypassed
00:03 +1042 -3: test\security\fuzz_chaos_test.dart: PtoScheduler fuzz onAckReceived resets backoff
00:03 +1043 -3: test\security\hardening_test.dart: SendStateMachine hardening terminal states reject further transitions
00:03 +1044 -3: test\security\fuzz_chaos_test.dart: VarInt fuzz random bytes do not crash decoder
00:03 +1045 -3: test\security\hardening_test.dart: ReceiveStateMachine hardening final size cannot be changed once set
00:03 +1046 -3: test\security\fuzz_chaos_test.dart: VarInt fuzz encode/decode round-trip for random safe values
00:03 +1047 -3: test\security\hardening_test.dart: ReceiveStateMachine hardening onDataReceived rejects data exceeding final size
00:03 +1048 -3: test\security\hardening_test.dart: FlowController hardening consume does not enforce window limit ΓÇö documents missing check
00:03 +1049 -3: test\security\hardening_test.dart: FlowController hardening window growth is capped at maxWindow
00:03 +1050 -3: test\security\hardening_test.dart: FlowController hardening updateLimit clamps to maxWindow
00:03 +1051 -3: test\security\hardening_test.dart: ReassemblyBuffer hardening rejects inserts beyond max offset gap
00:03 +1052 -3: test\security\hardening_test.dart: ReassemblyBuffer hardening rejects inserts when fragment limit exceeded
00:03 +1053 -3: test\security\hardening_test.dart: ReassemblyBuffer hardening rejects inserts when buffer size limit exceeded
00:03 +1054 -3: test\security\hardening_test.dart: ReassemblyBuffer hardening rejects inserts when buffer size limit exceeded
00:03 +1055 -3: test\security\hardening_test.dart: ReassemblyBuffer hardening rejects inserts when buffer size limit exceeded
00:03 +1056 -3: test\security\hardening_test.dart: ReassemblyBuffer hardening rejects inserts when buffer size limit exceeded
00:03 +1057 -3: test\security\hardening_test.dart: ReassemblyBuffer hardening rejects inserts when buffer size limit exceeded
00:03 +1058 -3: test\security\hardening_test.dart: ReassemblyBuffer hardening rejects inserts when buffer size limit exceeded
00:03 +1059 -3: test\security\hardening_test.dart: ReassemblyBuffer hardening rejects inserts when buffer size limit exceeded
00:03 +1060 -3: test\security\hardening_test.dart: ReassemblyBuffer hardening rejects inserts when buffer size limit exceeded
00:03 +1061 -3: test\security\hardening_test.dart: ReassemblyBuffer hardening rejects inserts when buffer size limit exceeded
00:03 +1062 -3: test\security\hardening_test.dart: ReassemblyBuffer hardening rejects inserts when buffer size limit exceeded
00:03 +1063 -3: test\security\hardening_test.dart: ReassemblyBuffer hardening rejects inserts when buffer size limit exceeded
00:03 +1064 -3: test\security\hardening_test.dart: ReassemblyBuffer hardening rejects inserts when buffer size limit exceeded
00:03 +1065 -3: test\security\hardening_test.dart: ReassemblyBuffer hardening rejects inserts when buffer size limit exceeded
00:03 +1066 -3: test\security\hardening_test.dart: ReassemblyBuffer hardening rejects inserts when buffer size limit exceeded
00:03 +1067 -3: test\security\hardening_test.dart: ReassemblyBuffer hardening rejects inserts when buffer size limit exceeded
00:03 +1068 -3: test\security\hardening_test.dart: ReassemblyBuffer hardening rejects inserts when buffer size limit exceeded
00:03 +1069 -3: test\security\hardening_test.dart: ReassemblyBuffer hardening rejects inserts when buffer size limit exceeded
00:03 +1070 -3: test\security\hardening_test.dart: RttEstimator hardening clamps negative and extreme RTT values
00:03 +1071 -3: test\streams\reassembly_buffer_test.dart: ReassemblyBuffer in-order insertion read immediately
00:03 +1072 -3: test\streams\reassembly_buffer_test.dart: ReassemblyBuffer in-order insertion read immediately
00:03 +1073 -3: test\streams\reassembly_buffer_test.dart: ReassemblyBuffer in-order insertion read immediately
00:03 +1074 -3: test\streams\reassembly_buffer_test.dart: ReassemblyBuffer in-order insertion read immediately
00:03 +1075 -3: test\streams\reassembly_buffer_test.dart: ReassemblyBuffer in-order insertion read immediately
00:03 +1076 -3: test\streams\reassembly_buffer_test.dart: ReassemblyBuffer in-order insertion read immediately
00:03 +1077 -3: test\streams\reassembly_buffer_test.dart: ReassemblyBuffer in-order insertion read immediately
00:03 +1078 -3: test\security\hardening_test.dart: SentPacketTracker hardening spaces evict oldest when maxPacketsPerSpace exceeded
00:03 +1079 -3: test\security\hardening_test.dart: SentPacketTracker hardening spaces evict oldest when maxPacketsPerSpace exceeded
00:03 +1080 -3: test\security\hardening_test.dart: SentPacketTracker hardening spaces evict oldest when maxPacketsPerSpace exceeded
00:03 +1081 -3: test\security\hardening_test.dart: SentPacketTracker hardening spaces evict oldest when maxPacketsPerSpace exceeded
00:03 +1082 -3: test\security\hardening_test.dart: SentPacketTracker hardening spaces evict oldest when maxPacketsPerSpace exceeded
00:03 +1083 -3: test\security\hardening_test.dart: SentPacketTracker hardening simplified ACK parsing falsely acks all packets below largestAcked
00:03 +1084 -3: test\security\hardening_test.dart: AntiAmplificationLimit hardening 3x amplification limit is enforced before validation
00:03 +1085 -3: test\security\hardening_test.dart: AntiAmplificationLimit hardening zero and negative byte sends bypass canSend check
00:03 +1086 -3: test\security\hardening_test.dart: AntiAmplificationLimit hardening address validation removes the limit completely
00:03 +1087 -3: test\security\hardening_test.dart: AntiAmplificationLimit hardening budget never drops below zero
00:03 +1088 -3: test\security\hardening_test.dart: PacketNumberSpaceManager hardening replay protection rejects duplicate and old packet numbers
00:03 +1089 -3: test\security\hardening_test.dart: PacketNumberSpaceManager hardening monotonic packet number allocation works correctly
00:03 +1090 -3: test\security\hardening_test.dart: QuicConnection integration hardening stream allocation has no per-connection limit beyond maxStreamId
00:03 +1091 -3: test\security\hardening_test.dart: FlowController V2 hardening consume rejects negative bytes
00:03 +1092 -3: test\security\hardening_test.dart: SentPacketTracker V2 hardening onAck rejects invalid space values
00:03 +1093 -3: test\security\hardening_test.dart: PacketNumberSpaceManager V2 hardening onReceived rejects negative packet numbers
00:03 +1094 -3: test\security\hardening_test.dart: LossDetector V2 hardening onPacketSent ignores negative packet numbers
00:03 +1095 -3: test\security\hardening_test.dart: LossDetector V2 hardening onAckReceived clamps negative largestAcked
00:03 +1096 -3: test\security\hardening_test.dart: CryptoFrameDeliverer V2 hardening chunk rejects non-positive maxFrameSize
00:03 +1097 -3: test\security\hardening_test.dart: CoalescedPacket V2 hardening split handles truncated varint gracefully
00:03 +1098 -3: test\security\hardening_test.dart: PacketReceiver V2 hardening processPacket respects maxFramesPerPacket
00:03 +1099 -3: test\security\hardening_test.dart: RetryIntegrityTag timing side channel verify does not have fast-path length rejection
00:03 +1100 -3: test\streams\receive_state_machine_test.dart: ReceiveStateMachine initial state is recv
00:03 +1101 -3: test\streams\receive_state_machine_test.dart: ReceiveStateMachine initial state is recv
00:03 +1102 -3: test\streams\receive_state_machine_test.dart: ReceiveStateMachine initial state is recv
00:03 +1103 -3: test\streams\receive_state_machine_test.dart: ReceiveStateMachine initial state is recv
00:03 +1104 -3: test\streams\receive_state_machine_test.dart: ReceiveStateMachine initial state is recv
00:03 +1105 -3: test\streams\receive_state_machine_test.dart: ReceiveStateMachine recv ΓåÆ dataReceived ΓåÆ dataRead
00:03 +1106 -3: test\streams\receive_state_machine_test.dart: ReceiveStateMachine recv ΓåÆ resetReceived ΓåÆ resetRead
00:03 +1107 -3: test\streams\receive_state_machine_test.dart: ReceiveStateMachine FIN sets final size
00:03 +1108 -3: test\streams\receive_state_machine_test.dart: ReceiveStateMachine inconsistent final size throws
00:03 +1109 -3: test\streams\receive_state_machine_test.dart: ReceiveStateMachine bytesReceived exceeding finalSize throws
00:03 +1110 -3: test\streams\receive_state_machine_test.dart: ReceiveStateMachine bytesReceived within finalSize is accepted
00:03 +1111 -3: test\streams\receive_state_machine_test.dart: ReceiveStateMachine canReceive when sizeKnown
00:03 +1112 -3: test\streams\receive_state_machine_test.dart: ReceiveStateMachine bytesReceived exceeding previously set finalSize throws
00:03 +1113 -3: test\streams\receive_state_machine_test.dart: ReceiveStateMachine onResetReceived from sizeKnown
00:03 +1114 -3: test\streams\receive_state_machine_test.dart: ReceiveStateMachine onResetReceived from dataReceived
00:03 +1115 -3: test\streams\send_state_machine_test.dart: SendStateMachine initial state is ready
00:03 +1116 -3: test\streams\send_state_machine_test.dart: SendStateMachine ready ΓåÆ send ΓåÆ sent ΓåÆ received
00:03 +1117 -3: test\streams\send_state_machine_test.dart: SendStateMachine ready ΓåÆ send ΓåÆ resetSent ΓåÆ resetReceived
00:03 +1118 -3: test\streams\send_state_machine_test.dart: SendStateMachine send ΓåÆ resetSent (abort via onStopSendingReceived)
00:03 +1119 -3: test\streams\send_state_machine_test.dart: SendStateMachine ready ΓåÆ resetSent directly
00:03 +1120 -3: test\streams\send_state_machine_test.dart: SendStateMachine sent ΓåÆ resetSent is valid
00:03 +1121 -3: test\streams\send_state_machine_test.dart: SendStateMachine sent ΓåÆ resetSent via onStopSendingReceived
00:03 +1122 -3: test\streams\send_state_machine_test.dart: SendStateMachine invalid transitions throw StateError
00:03 +1123 -3: test\streams\send_state_machine_test.dart: SendStateMachine isTerminal, canSend, wasReset flags across states
00:03 +1124 -3: test\streams\stream_id_test.dart: StreamId encode/decode round-trip for all 4 types
00:03 +1125 -3: test\streams\stream_id_test.dart: StreamId first few stream IDs match RFC examples
00:03 +1126 -3: test\streams\stream_id_test.dart: StreamId isClientInitiated correctness
00:03 +1127 -3: test\streams\stream_id_test.dart: StreamId isServerInitiated correctness
00:03 +1128 -3: test\streams\stream_id_test.dart: StreamId isBidirectional correctness
00:03 +1129 -3: test\streams\stream_id_test.dart: StreamId isUnidirectional correctness
00:03 +1130 -3: test\streams\stream_id_test.dart: StreamId typeBits and sequence correctness
00:03 +1131 -3: test\streams\stream_id_test.dart: StreamIdAllocator produces correct sequences
00:03 +1132 -3: test\streams\stream_id_test.dart: StreamIdAllocator categories are independent
00:03 +1133 -3: test\streams\stream_id_test.dart: StreamIdAllocator maxStreamId constant is 2^62 - 1
00:03 +1134 -3: test\streams\stream_manager_flow_control_test.dart: StreamManager flow control new stream gets flow controllers
00:03 +1135 -3: test\streams\stream_manager_flow_control_test.dart: StreamManager flow control receiving STREAM frame consumes receive window
00:03 +1136 -3: test\streams\stream_manager_flow_control_test.dart: StreamManager flow control canSendOnStream respects window limit
00:03 +1137 -3: test\streams\stream_manager_flow_control_test.dart: StreamManager flow control updateSendWindow increases available window
00:03 +1138 -3: test\streams\stream_manager_flow_control_test.dart: StreamManager flow control resetFlowControl clears all controllers
00:03 +1139 -3: test\webtransport\capsule_router_test.dart: CapsuleRouter routeCapsule creates session when none exists
00:03 +1140 -3: test\webtransport\capsule_router_test.dart: CapsuleRouter routeCapsule forwards capsule to existing session
WebTransportSession(8): received CLOSE
00:03 +1141 -3: test\webtransport\capsule_router_test.dart: CapsuleRouter getSession returns null for unknown streamId
00:03 +1142 -3: test\webtransport\capsule_router_test.dart: CapsuleRouter closeSession removes the session
00:03 +1143 -3: test\webtransport\capsule_router_test.dart: CapsuleRouter multiple sessions are tracked independently
WebTransportSession(0): received CLOSE
00:03 +1144 -3: test\webtransport\capsule_types_test.dart: CapsuleType fromValue returns correct enum for known types
00:03 +1145 -3: test\webtransport\capsule_types_test.dart: CapsuleType fromValue returns null for unknown type
00:03 +1146 -3: test\webtransport\capsule_types_test.dart: Capsule serialize produces valid bytes
00:03 +1147 -3: test\webtransport\capsule_types_test.dart: Capsule parse round-trip
00:03 +1148 -3: test\webtransport\capsule_types_test.dart: Capsule different capsule types preserved
00:03 +1149 -3: test\webtransport\capsule_types_test.dart: Capsule empty payload works
00:03 +1150 -3: test\webtransport\capsule_types_test.dart: Capsule parse with offset works
00:03 +1151 -3: test\webtransport\capsule_types_test.dart: Capsule parse throws for truncated buffer
00:03 +1152 -3: test\webtransport\capsule_types_test.dart: Capsule parse throws for unknown capsule type
00:03 +1153 -3: test\webtransport\datagram_capsule_test.dart: DatagramCapsule serialize and parse round-trip
00:03 +1154 -3: test\webtransport\datagram_capsule_test.dart: WebTransportSession datagram handling receives datagram capsules
00:03 +1155 -3: test\webtransport\datagram_capsule_test.dart: WebTransportSession datagram handling sendDatagram produces correct capsule type
00:03 +1156 -3: test\webtransport\stream_capsule_test.dart: StreamCapsule serialize/parse round-trip for bidirectional
00:03 +1157 -3: test\webtransport\stream_capsule_test.dart: StreamCapsule serialize/parse round-trip for unidirectional
00:03 +1158 -3: test\webtransport\stream_capsule_test.dart: WebTransportSession stream tracking tracks registered bidirectional streams
00:03 +1159 -3: test\webtransport\stream_types_test.dart: WebTransportStreamType has expected values
00:03 +1160 -3: test\webtransport\stream_types_test.dart: WebTransportStreamType has expected values
00:03 +1161 -3: test\webtransport\stream_types_test.dart: WebTransportStreamId client bidi stream ID type is bidirectional
00:03 +1162 -3: test\webtransport\stream_types_test.dart: WebTransportStreamId server uni stream ID type is unidirectional
00:03 +1163 -3: test\webtransport\stream_types_test.dart: WebTransportStreamId sequence extraction works for all types
00:03 +1164 -3: test\webtransport\stream_types_test.dart: WebTransportStreamId encode/decode round-trip for all types
00:03 +1165 -3: test\webtransport\stream_types_test.dart: WebTransportStreamId first few IDs match expected values
00:03 +1166 -3: test\webtransport\webtransport_session_test.dart: WebTransportSession starts active
00:03 +1167 -3: test\webtransport\webtransport_session_test.dart: WebTransportSession onCapsuleReceived(CLOSE) marks closed
WebTransportSession(1): received CLOSE
00:03 +1168 -3: test\webtransport\webtransport_session_test.dart: WebTransportSession onCapsuleReceived(DRAIN) marks draining
00:03 +1169 -3: test\webtransport\webtransport_session_test.dart: WebTransportSession initiateClose returns correct capsule type
00:03 +1170 -3: test\webtransport\webtransport_session_test.dart: WebTransportSession initiateDrain returns correct capsule type
00:03 +1171 -3: test\webtransport\webtransport_session_test.dart: WebTransportSession onCloseAcknowledged after close
00:03 +1172 -3: test\webtransport\webtransport_session_test.dart: WebTransportSession unknown capsule is ignored
00:03 +1173 -3: test\wire\coalesced_packet_test.dart: CoalescedPacket.split splits Initial + Handshake coalesced datagram
00:03 +1174 -3: test\wire\coalesced_packet_test.dart: CoalescedPacket.split single long-header packet
00:03 +1175 -3: test\wire\coalesced_packet_test.dart: CoalescedPacket.split short header consumes remainder
00:03 +1176 -3: test\wire\coalesced_packet_test.dart: CoalescedPacket.isCoalesced true for multiple packets
00:03 +1177 -3: test\wire\coalesced_packet_test.dart: CoalescedPacket.isCoalesced false for single packet
00:03 +1178 -3: test\wire\frame_parser_ack_ecn_test.dart: FrameCodec.parse ACK_ECN frames parses ACK_ECN with no extra ranges
00:03 +1179 -3: test\wire\frame_parser_connection_test.dart: Connection-management frame parsing parse NEW_CONNECTION_ID
00:03 +1180 -3: test\wire\frame_parser_connection_test.dart: Connection-management frame parsing parse NEW_CONNECTION_ID
00:03 +1181 -3: test\wire\frame_parser_connection_test.dart: Connection-management frame parsing parse NEW_CONNECTION_ID
00:03 +1182 -3: test\wire\frame_parser_connection_test.dart: Connection-management frame parsing parse RETIRE_CONNECTION_ID
00:03 +1183 -3: test\wire\frame_parser_connection_test.dart: Connection-management frame parsing parse PATH_CHALLENGE
00:03 +1184 -3: test\wire\frame_parser_connection_test.dart: Connection-management frame parsing parse PATH_RESPONSE
00:03 +1185 -3: test\wire\frame_parser_connection_test.dart: Connection-management frame parsing parse CONNECTION_CLOSE transport
00:03 +1186 -3: test\wire\frame_parser_connection_test.dart: Connection-management frame parsing parse APPLICATION_CLOSE
00:03 +1187 -3: test\wire\frame_parser_connection_test.dart: Connection-management frame parsing parse HANDSHAKE_DONE
00:03 +1188 -3: test\wire\frame_parser_data_test.dart: FrameCodec.parse ΓÇö data-carrying frames parse CRYPTO
00:03 +1189 -3: test\wire\frame_parser_data_test.dart: FrameCodec.parse ΓÇö data-carrying frames parse NEW_TOKEN
00:03 +1190 -3: test\wire\frame_parser_data_test.dart: FrameCodec.parse ΓÇö data-carrying frames parse STREAM with FIN+LEN+OFF
00:03 +1191 -3: test\wire\frame_parser_data_test.dart: FrameCodec.parse ΓÇö data-carrying frames parse STREAM with no flags (minimal)
00:03 +1192 -3: test\wire\frame_parser_data_test.dart: FrameCodec.parse ΓÇö data-carrying frames parse STREAM with FIN only
00:03 +1193 -3: test\wire\frame_parser_flow_control_test.dart: Flow-control frame parsing MAX_DATA (0x10)
00:03 +1194 -3: test\wire\frame_parser_flow_control_test.dart: Flow-control frame parsing MAX_STREAM_DATA (0x11)
00:03 +1195 -3: test\wire\frame_parser_flow_control_test.dart: Flow-control frame parsing MAX_STREAMS bidi (0x12)
00:03 +1196 -3: test\wire\frame_parser_simple_test.dart: FrameCodec.parse simple frames parses PADDING
00:03 +1197 -3: test\wire\frame_parser_simple_test.dart: FrameCodec.parse simple frames parses PADDING
00:03 +1198 -3: test\wire\frame_parser_simple_test.dart: FrameCodec.parse simple frames parses PADDING
00:03 +1199 -3: test\wire\frame_parser_simple_test.dart: FrameCodec.parse simple frames parses PADDING
00:03 +1200 -3: test\wire\frame_parser_simple_test.dart: FrameCodec.parse simple frames parses PADDING
00:03 +1201 -3: test\wire\frame_parser_simple_test.dart: FrameCodec.parse simple frames parses PADDING
00:03 +1202 -3: test\wire\frame_parser_simple_test.dart: FrameCodec.parse simple frames parses PING
00:03 +1203 -3: test\wire\frame_parser_simple_test.dart: FrameCodec.parse simple frames parses ACK with one range
00:03 +1204 -3: test\wire\frame_parser_simple_test.dart: FrameCodec.parse simple frames parses RESET_STREAM
00:03 +1205 -3: test\wire\frame_parser_simple_test.dart: FrameCodec.parse simple frames parses STOP_SENDING
00:03 +1206 -3: test\wire\frame_parser_simple_test.dart: FrameCodec.parse simple frames unsupported type still throws
00:03 +1207 -3: test\wire\frame_test.dart: PaddingFrame serialize
00:03 +1208 -3: test\wire\frame_test.dart: PingFrame serialize
00:03 +1209 -3: test\wire\frame_test.dart: AckFrame serialize/length
00:03 +1210 -3: test\wire\frame_test.dart: ResetStreamFrame serialize/round-trip values
00:03 +1211 -3: test\wire\frame_test.dart: StopSendingFrame serialize
00:03 +1212 -3: test\wire\frame_test.dart: CryptoFrame serialize
00:03 +1213 -3: test\wire\frame_test.dart: NewTokenFrame serialize
00:03 +1214 -3: test\wire\frame_test.dart: StreamFrame minimal
00:03 +1215 -3: test\wire\frame_test.dart: StreamFrame with FIN
00:03 +1216 -3: test\wire\frame_test.dart: StreamFrame with offset
00:03 +1217 -3: test\wire\frame_test.dart: StreamFrame without explicit length
00:03 +1218 -3: test\wire\frame_test.dart: MaxDataFrame serialize
00:03 +1219 -3: test\wire\frame_test.dart: MaxStreamDataFrame serialize
00:03 +1220 -3: test\wire\frame_test.dart: MaxStreamsFrame bidi
00:03 +1221 -3: test\wire\frame_test.dart: MaxStreamsFrame uni
00:03 +1222 -3: test\wire\frame_test.dart: DataBlockedFrame serialize
00:03 +1223 -3: test\wire\frame_test.dart: StreamDataBlockedFrame serialize
00:03 +1224 -3: test\wire\frame_test.dart: StreamsBlockedFrame bidi
00:03 +1225 -3: test\wire\frame_test.dart: StreamsBlockedFrame uni
00:03 +1226 -3: test\wire\frame_test.dart: NewConnectionIdFrame serialize
00:03 +1227 -3: test\wire\frame_test.dart: NewConnectionIdFrame invalid token length throws
00:03 +1228 -3: test\wire\frame_test.dart: RetireConnectionIdFrame serialize
00:03 +1229 -3: test\wire\frame_test.dart: PathChallengeFrame serialize
00:03 +1230 -3: test\wire\frame_test.dart: PathChallengeFrame wrong length throws
00:03 +1231 -3: test\wire\frame_test.dart: PathResponseFrame serialize
00:03 +1232 -3: test\wire\frame_test.dart: ConnectionCloseFrame transport with reason
00:03 +1233 -3: test\wire\frame_test.dart: ApplicationCloseFrame serialize
00:03 +1234 -3: test\wire\frame_test.dart: HandshakeDoneFrame serialize
00:03 +1235 -3: test\wire\frame_test.dart: FrameCodec serialize delegates to frame
00:03 +1236 -3: test\wire\packet_builder_coverage_test.dart: PacketBuilder.build coverage VersionNegotiationPacket returns serialized header
00:03 +1237 -3: test\wire\packet_builder_coverage_test.dart: PacketBuilder.build coverage Retry packet (LongHeader with typeRetry) returns serialized header
00:03 +1238 -3: test\wire\packet_builder_coverage_test.dart: PacketBuilder.build coverage LongHeader with empty frames list produces valid packet
00:03 +1239 -3: test\wire\packet_builder_coverage_test.dart: PacketBuilder.build coverage multiple frames of different types
00:03 +1240 -3: test\wire\packet_builder_coverage_test.dart: PacketBuilder.build coverage frame with empty serialize() output
00:03 +1241 -3: test\wire\packet_builder_coverage_test.dart: PacketBuilder.build coverage very long connection IDs (max 20 bytes)
00:03 +1242 -3: test\wire\packet_builder_coverage_test.dart: PacketBuilder.build coverage ShortHeader with packet number length 2
00:03 +1243 -3: test\wire\packet_builder_final_test.dart: PacketBuilder final coverage unsupported header type throws UnsupportedError
00:03 +1244 -3: test\wire\packet_builder_final_test.dart: PacketBuilder final coverage unsupported header type throws UnsupportedError
00:03 +1245 -3: test\wire\packet_builder_final_test.dart: PacketBuilder final coverage unsupported header type throws UnsupportedError
00:03 +1246 -3: test\wire\packet_builder_final_test.dart: PacketBuilder final coverage unsupported header type throws UnsupportedError
00:03 +1247 -3: test\wire\packet_builder_final_test.dart: PacketBuilder final coverage unsupported header type throws UnsupportedError
00:03 +1248 -3: test\wire\packet_builder_final_test.dart: PacketBuilder final coverage unsupported header type throws UnsupportedError
00:03 +1249 -3: test\wire\packet_builder_final_test.dart: PacketBuilder final coverage unsupported header type throws UnsupportedError
00:03 +1250 -3: test\wire\packet_builder_final_test.dart: PacketBuilder final coverage unsupported header type throws UnsupportedError
00:03 +1251 -3: test\wire\packet_builder_final_test.dart: PacketBuilder final coverage unsupported header type throws UnsupportedError
00:03 +1252 -3: test\wire\packet_builder_final_test.dart: PacketBuilder final coverage LongHeader with packet number 0x100 uses 2-byte PN
00:03 +1253 -3: test\wire\packet_builder_final_test.dart: PacketBuilder final coverage LongHeader with packet number 0x10000 uses 3-byte PN
00:03 +1254 -3: test\wire\packet_builder_final_test.dart: PacketBuilder final coverage Initial with 100-byte token hits 2-byte varint
00:03 +1255 -3: test\wire\packet_builder_final_test.dart: PacketBuilder final coverage LongHeader with huge payload hits 4-byte varint
00:03 +1256 -3: test\wire\packet_builder_test.dart: PacketBuilder.build Initial with CRYPTO frame
00:04 +1257 -3: test\wire\packet_builder_test.dart: PacketBuilder.build Initial with CRYPTO frame
00:04 +1258 -3: test\wire\packet_builder_test.dart: PacketBuilder.build Initial with CRYPTO frame
00:04 +1259 -3: test\wire\packet_builder_test.dart: PacketBuilder.build Initial with CRYPTO frame
00:04 +1260 -3: test\wire\packet_builder_final_test.dart: PacketBuilder final coverage _pnLenFromValue 2-byte branch via mirrors
00:04 +1261 -3: test\wire\packet_builder_test.dart: PacketBuilder.build ShortHeader with STREAM frame
00:04 +1262 -3: test\wire\packet_builder_test.dart: PacketBuilder.build ShortHeader with STREAM frame
00:04 +1263 -3: test\wire\packet_builder_final_test.dart: PacketBuilder final coverage private constructor is reachable via mirrors
00:04 +1264 -3: test\wire\packet_builder_test.dart: PacketBuilder.build Retry has no frames
00:04 +1265 -3: test\wire\packet_builder_test.dart: PacketBuilder.build empty frames produces valid packet
00:04 +1266 -3: test\wire\packet_header_test.dart: LongHeader Initial serialize/parse round-trip
00:04 +1267 -3: test\wire\packet_header_test.dart: LongHeader 0-RTT serialize/parse round-trip
00:04 +1268 -3: test\wire\packet_header_test.dart: LongHeader Handshake serialize/parse round-trip
00:04 +1269 -3: test\wire\packet_header_test.dart: LongHeader Retry serialize/parse round-trip
00:04 +1270 -3: test\wire\packet_header_test.dart: LongHeader invalid packet type throws
00:04 +1271 -3: test\wire\packet_header_test.dart: LongHeader byteLength matches serialized length
00:04 +1272 -3: test\wire\packet_header_test.dart: ShortHeader serialize/parse round-trip
00:04 +1273 -3: test\wire\packet_number_reconstructor_test.dart: PacketNumberReconstructor reconstructs PN 0xAB when largest is 0xFF and truncated to 1 byte
00:04 +1274 -3: test\wire\packet_number_reconstructor_test.dart: PacketNumberReconstructor reconstructs PN 0xAB when largest is 0xFF and truncated to 1 byte
00:04 +1275 -3: test\wire\packet_number_reconstructor_test.dart: PacketNumberReconstructor reconstructs PN 0xAB when largest is 0xFF and truncated to 1 byte
00:04 +1276 -3: test\wire\packet_number_reconstructor_test.dart: PacketNumberReconstructor reconstructs PN 0xAB when largest is 0xFF and truncated to 1 byte
00:04 +1277 -3: test\wire\packet_number_reconstructor_test.dart: PacketNumberReconstructor reconstructs PN 0xAB when largest is 0xFF and truncated to 1 byte
00:04 +1278 -3: test\wire\packet_number_reconstructor_test.dart: PacketNumberReconstructor reconstructs PN 0xAB when largest is 0xFF and truncated to 1 byte
00:04 +1279 -3: test\wire\packet_number_reconstructor_test.dart: PacketNumberReconstructor reconstructs PN 0xAB when largest is 0xFF and truncated to 1 byte
00:04 +1280 -3: test\wire\packet_number_reconstructor_test.dart: PacketNumberReconstructor reconstructs PN 0xAB when largest is 0xFF and truncated to 1 byte
00:04 +1281 -3: test\wire\packet_number_reconstructor_test.dart: PacketNumberReconstructor reconstructs PN 0x1234 when largest is 0x1200 and truncated to 2 bytes
00:04 +1282 -3: test\wire\packet_number_reconstructor_test.dart: PacketNumberReconstructor reconstructs wrapped PN (largest=0xFE, truncated=0x01, 1 byte) ΓåÆ 0x101
00:04 +1283 -3: test\wire\packet_number_reconstructor_test.dart: PacketNumberReconstructor truncate and reconstruct is identity for values within window
00:04 +1284 -3: test\wire\packet_number_reconstructor_test.dart: PacketNumberReconstructor truncate throws for invalid numBytes
00:04 +1285 -3: test\wire\packet_number_test.dart: PacketNumber.encode encodes 0 in 1 byte
00:04 +1286 -3: test\wire\packet_number_test.dart: PacketNumber.encode encodes 42 in 1 byte
00:04 +1287 -3: test\wire\packet_number_test.dart: PacketNumber.encode encodes 0x1234 in 2 bytes
00:04 +1288 -3: test\wire\packet_number_test.dart: PacketNumber.encode encodes 0x123456 in 3 bytes
00:04 +1289 -3: test\wire\quic_versions_test.dart: QuicVersions.isSupported recognizes v1 as supported
00:04 +1290 -3: test\wire\quic_versions_test.dart: QuicVersions.isSupported recognizes v1 as supported
00:04 +1291 -3: test\wire\quic_versions_test.dart: QuicVersions.isSupported recognizes v1 as supported
00:04 +1292 -3: test\wire\quic_versions_test.dart: QuicVersions.isSupported recognizes v1 as supported
00:04 +1293 -3: test\wire\quic_versions_test.dart: QuicVersions.isSupported recognizes v1 as supported
00:04 +1294 -3: test\wire\quic_versions_test.dart: QuicVersions.isSupported recognizes v1 as supported
00:04 +1295 -3: test\wire\quic_versions_test.dart: QuicVersions.isSupported recognizes v1 as supported
00:04 +1296 -3: test\wire\quic_versions_test.dart: QuicVersions.isSupported recognizes v1 as supported
00:04 +1297 -3: test\wire\quic_versions_test.dart: QuicVersions.isSupported recognizes v1 as supported
00:04 +1298 -3: test\wire\quic_versions_test.dart: QuicVersions.isSupported recognizes v1 as supported
00:04 +1299 -3: test\wire\quic_versions_test.dart: QuicVersions.isSupported recognizes v1 as supported
00:04 +1300 -3: test\wire\quic_versions_test.dart: QuicVersions.isSupported recognizes v2 as supported
00:04 +1301 -3: test\wire\quic_versions_test.dart: QuicVersions.isSupported unknown version is not supported
00:04 +1302 -3: test\wire\quic_versions_test.dart: QuicVersions.name returns "v1" for version 1
00:04 +1303 -3: test\wire\quic_versions_test.dart: QuicVersions.name returns "v2" for version 2
00:04 +1304 -3: test\wire\quic_versions_test.dart: QuicVersions.name returns "unknown" for unrecognized versions
00:04 +1305 -3: test\wire\retry_packet_builder_test.dart: RetryPacketBuilder build produces non-empty packet
00:04 +1306 -3: test\wire\retry_packet_builder_test.dart: RetryPacketBuilder build produces non-empty packet
00:04 +1307 -3: test\wire\retry_packet_builder_test.dart: RetryPacketBuilder build produces non-empty packet
00:04 +1308 -3: test\wire\retry_packet_builder_test.dart: RetryPacketBuilder build produces non-empty packet
00:04 +1309 -3: test\wire\stateless_reset_generator_test.dart: StatelessResetGenerator different tokens produce different packets
00:04 +1310 -3: test\wire\retry_packet_builder_test.dart: RetryPacketBuilder packet starts with 0xF0
00:04 +1311 -3: test\wire\retry_packet_builder_test.dart: RetryPacketBuilder packet starts with 0xF0
00:04 +1312 -3: test\wire\retry_packet_builder_test.dart: RetryPacketBuilder verify succeeds for built packet
00:04 +1313 -3: test\wire\retry_packet_builder_test.dart: RetryPacketBuilder different tokens produce different packets
00:04 +1314 -3: test\wire\varint_test.dart: VarInt encode encodes 0 as 1 byte
00:04 +1315 -3: test\wire\varint_test.dart: VarInt encode encodes 1 as 1 byte
00:04 +1316 -3: test\wire\varint_test.dart: VarInt encode encodes 63 as 1 byte
00:04 +1317 -3: test\wire\varint_test.dart: VarInt encode encodes 64 as 2 bytes
00:04 +1318 -3: test\wire\varint_test.dart: VarInt encode encodes 16383 as 2 bytes
00:04 +1319 -3: test\wire\varint_test.dart: VarInt encode encodes 16384 as 4 bytes
00:04 +1320 -3: test\wire\varint_test.dart: VarInt encode encodes 1073741823 as 4 bytes
00:04 +1321 -3: test\wire\varint_test.dart: VarInt encode encodes 1073741824 as 8 bytes
00:04 +1322 -3: test\wire\varint_test.dart: VarInt encode encodes max value as 8 bytes
00:04 +1323 -3: test\wire\varint_test.dart: VarInt encode throws ArgumentError for negative values
00:04 +1324 -3: test\wire\varint_test.dart: VarInt encode throws ArgumentError for values > maxValue
00:04 +1325 -3: test\wire\varint_test.dart: VarInt decode decodes 1-byte varint
00:04 +1326 -3: test\wire\varint_test.dart: VarInt decode decodes 2-byte varint
00:04 +1327 -3: test\wire\varint_test.dart: VarInt decode decodes 4-byte varint
00:04 +1328 -3: test\wire\varint_test.dart: VarInt decode decodes 8-byte varint
00:04 +1329 -3: test\wire\varint_test.dart: VarInt decode decodes max value
00:04 +1330 -3: test\wire\varint_test.dart: VarInt decode decodes RFC test vector: 37 ΓåÆ 0x25
00:04 +1331 -3: test\wire\varint_test.dart: VarInt decode decodes RFC test vector: 15,293 ΓåÆ 0x7bbd
00:04 +1332 -3: test\wire\varint_test.dart: VarInt decode decodes RFC test vector: 494,878,333 ΓåÆ 0x9d7f3e7d
00:04 +1333 -3: test\wire\varint_test.dart: VarInt decode decodes RFC test vector: 151,288,809,941,952,652 ΓåÆ 0xc2197c5eff14e88c
00:04 +1334 -3: test\wire\varint_test.dart: VarInt decode decodes non-minimal encoding (37 as 2 bytes)
00:04 +1335 -3: test\wire\varint_test.dart: VarInt decode decodes with non-zero offset
00:04 +1336 -3: test\wire\varint_test.dart: VarInt decode throws ArgumentError for empty buffer
00:04 +1337 -3: test\wire\varint_test.dart: VarInt decode throws ArgumentError for truncated 2-byte varint
00:04 +1338 -3: test\wire\varint_test.dart: VarInt decode throws ArgumentError for truncated 4-byte varint
00:04 +1339 -3: test\wire\varint_test.dart: VarInt decode throws ArgumentError for truncated 8-byte varint
00:04 +1340 -3: test\wire\varint_test.dart: VarInt decode throws ArgumentError for negative offset
00:04 +1341 -3: test\wire\varint_test.dart: VarInt decode throws ArgumentError for offset at end of buffer
00:04 +1342 -3: test\wire\varint_test.dart: VarInt decodeLength returns 1 for 2MSB = 00
00:04 +1343 -3: test\wire\varint_test.dart: VarInt decodeLength returns 2 for 2MSB = 01
00:04 +1344 -3: test\wire\varint_test.dart: VarInt decodeLength returns 4 for 2MSB = 10
00:04 +1345 -3: test\wire\varint_test.dart: VarInt decodeLength returns 8 for 2MSB = 11
00:04 +1346 -3: test\wire\varint_test.dart: VarInt round-trip round-trips random 1-byte values
00:04 +1347 -3: test\wire\varint_test.dart: VarInt round-trip round-trips random 2-byte values
00:04 +1348 -3: test\wire\varint_test.dart: VarInt round-trip round-trips random 4-byte values
00:04 +1349 -3: test\wire\varint_test.dart: VarInt round-trip round-trips random 8-byte values
00:04 +1350 -3: test\wire\varint_test.dart: VarInt maxValue returns 4611686018427387903
00:04 +1351 -3: Some tests failed.

Consider enabling the flag chain-stack-traces to receive more detailed exceptions.
For example, 'dart test --chain-stack-traces'.
